Archive member included to satisfy reference by file (symbol)

d:/st/stm32cubeide_1.0.1/stm32cubeide/plugins/com.st.stm32cube.ide.mcu.externaltools.gnu-tools-for-stm32.9-2020-q2-update.win32_1.5.0.202011040924/tools/bin/../lib/gcc/arm-none-eabi/9.3.1/../../../../arm-none-eabi/lib/thumb/v7e-m+fp/hard\libc_nano.a(lib_a-errno.o)
                              Core/Src/syscalls.o (__errno)
d:/st/stm32cubeide_1.0.1/stm32cubeide/plugins/com.st.stm32cube.ide.mcu.externaltools.gnu-tools-for-stm32.9-2020-q2-update.win32_1.5.0.202011040924/tools/bin/../lib/gcc/arm-none-eabi/9.3.1/../../../../arm-none-eabi/lib/thumb/v7e-m+fp/hard\libc_nano.a(lib_a-exit.o)
                              d:/st/stm32cubeide_1.0.1/stm32cubeide/plugins/com.st.stm32cube.ide.mcu.externaltools.gnu-tools-for-stm32.9-2020-q2-update.win32_1.5.0.202011040924/tools/bin/../lib/gcc/arm-none-eabi/9.3.1/../../../../arm-none-eabi/lib/thumb/v7e-m+fp/hard/crt0.o (exit)
d:/st/stm32cubeide_1.0.1/stm32cubeide/plugins/com.st.stm32cube.ide.mcu.externaltools.gnu-tools-for-stm32.9-2020-q2-update.win32_1.5.0.202011040924/tools/bin/../lib/gcc/arm-none-eabi/9.3.1/../../../../arm-none-eabi/lib/thumb/v7e-m+fp/hard\libc_nano.a(lib_a-impure.o)
                              d:/st/stm32cubeide_1.0.1/stm32cubeide/plugins/com.st.stm32cube.ide.mcu.externaltools.gnu-tools-for-stm32.9-2020-q2-update.win32_1.5.0.202011040924/tools/bin/../lib/gcc/arm-none-eabi/9.3.1/../../../../arm-none-eabi/lib/thumb/v7e-m+fp/hard\libc_nano.a(lib_a-exit.o) (_global_impure_ptr)
d:/st/stm32cubeide_1.0.1/stm32cubeide/plugins/com.st.stm32cube.ide.mcu.externaltools.gnu-tools-for-stm32.9-2020-q2-update.win32_1.5.0.202011040924/tools/bin/../lib/gcc/arm-none-eabi/9.3.1/../../../../arm-none-eabi/lib/thumb/v7e-m+fp/hard\libc_nano.a(lib_a-init.o)
                              d:/st/stm32cubeide_1.0.1/stm32cubeide/plugins/com.st.stm32cube.ide.mcu.externaltools.gnu-tools-for-stm32.9-2020-q2-update.win32_1.5.0.202011040924/tools/bin/../lib/gcc/arm-none-eabi/9.3.1/../../../../arm-none-eabi/lib/thumb/v7e-m+fp/hard/crt0.o (__libc_init_array)
d:/st/stm32cubeide_1.0.1/stm32cubeide/plugins/com.st.stm32cube.ide.mcu.externaltools.gnu-tools-for-stm32.9-2020-q2-update.win32_1.5.0.202011040924/tools/bin/../lib/gcc/arm-none-eabi/9.3.1/../../../../arm-none-eabi/lib/thumb/v7e-m+fp/hard\libc_nano.a(lib_a-memset.o)
                              d:/st/stm32cubeide_1.0.1/stm32cubeide/plugins/com.st.stm32cube.ide.mcu.externaltools.gnu-tools-for-stm32.9-2020-q2-update.win32_1.5.0.202011040924/tools/bin/../lib/gcc/arm-none-eabi/9.3.1/../../../../arm-none-eabi/lib/thumb/v7e-m+fp/hard/crt0.o (memset)
d:/st/stm32cubeide_1.0.1/stm32cubeide/plugins/com.st.stm32cube.ide.mcu.externaltools.gnu-tools-for-stm32.9-2020-q2-update.win32_1.5.0.202011040924/tools/bin/../lib/gcc/arm-none-eabi/9.3.1/thumb/v7e-m+fp/hard\libgcc.a(_aeabi_uldivmod.o)
                              Drivers/STM32F4xx_HAL_Driver/Src/stm32f4xx_hal_rcc.o (__aeabi_uldivmod)
d:/st/stm32cubeide_1.0.1/stm32cubeide/plugins/com.st.stm32cube.ide.mcu.externaltools.gnu-tools-for-stm32.9-2020-q2-update.win32_1.5.0.202011040924/tools/bin/../lib/gcc/arm-none-eabi/9.3.1/thumb/v7e-m+fp/hard\libgcc.a(_udivmoddi4.o)
                              d:/st/stm32cubeide_1.0.1/stm32cubeide/plugins/com.st.stm32cube.ide.mcu.externaltools.gnu-tools-for-stm32.9-2020-q2-update.win32_1.5.0.202011040924/tools/bin/../lib/gcc/arm-none-eabi/9.3.1/thumb/v7e-m+fp/hard\libgcc.a(_aeabi_uldivmod.o) (__udivmoddi4)
d:/st/stm32cubeide_1.0.1/stm32cubeide/plugins/com.st.stm32cube.ide.mcu.externaltools.gnu-tools-for-stm32.9-2020-q2-update.win32_1.5.0.202011040924/tools/bin/../lib/gcc/arm-none-eabi/9.3.1/thumb/v7e-m+fp/hard\libgcc.a(_dvmd_tls.o)
                              d:/st/stm32cubeide_1.0.1/stm32cubeide/plugins/com.st.stm32cube.ide.mcu.externaltools.gnu-tools-for-stm32.9-2020-q2-update.win32_1.5.0.202011040924/tools/bin/../lib/gcc/arm-none-eabi/9.3.1/thumb/v7e-m+fp/hard\libgcc.a(_aeabi_uldivmod.o) (__aeabi_ldiv0)

Allocating common symbols
Common symbol       size              file

hUsbDeviceFS        0x2d0             USB_DEVICE/App/usb_device.o
hpcd_USB_OTG_FS     0x408             USB_DEVICE/Target/usbd_conf.o
hdma_dcmi           0x60              Core/Src/main.o
uwTick              0x4               Drivers/STM32F4xx_HAL_Driver/Src/stm32f4xx_hal.o
pFlash              0x20              Drivers/STM32F4xx_HAL_Driver/Src/stm32f4xx_hal_flash.o
UserRxBufferFS      0x800             USB_DEVICE/App/usbd_cdc_if.o
hdma_usart1_tx      0x60              Core/Src/main.o
hdcmi               0x40              Core/Src/main.o
huart1              0x44              Core/Src/main.o
UserTxBufferFS      0x800             USB_DEVICE/App/usbd_cdc_if.o
dcmi_data_buff      0xfa00            Core/Src/main.o
tickdelay           0x4               Core/Src/main.o
USBD_StrDesc        0x200             USB_DEVICE/App/usbd_desc.o

Discarded input sections

[...]
Memory Configuration

Name             Origin             Length             Attributes
CCMRAM           0x0000000010000000 0x0000000000010000 xrw
RAM              0x0000000020000000 0x0000000000020000 xrw
FLASH            0x0000000008000000 0x0000000000080000 xr
*default*        0x0000000000000000 0xffffffffffffffff

Linker script and memory map

LOAD d:/st/stm32cubeide_1.0.1/stm32cubeide/plugins/com.st.stm32cube.ide.mcu.externaltools.gnu-tools-for-stm32.9-2020-q2-update.win32_1.5.0.202011040924/tools/bin/../lib/gcc/arm-none-eabi/9.3.1/thumb/v7e-m+fp/hard/crti.o
LOAD d:/st/stm32cubeide_1.0.1/stm32cubeide/plugins/com.st.stm32cube.ide.mcu.externaltools.gnu-tools-for-stm32.9-2020-q2-update.win32_1.5.0.202011040924/tools/bin/../lib/gcc/arm-none-eabi/9.3.1/thumb/v7e-m+fp/hard/crtbegin.o
LOAD d:/st/stm32cubeide_1.0.1/stm32cubeide/plugins/com.st.stm32cube.ide.mcu.externaltools.gnu-tools-for-stm32.9-2020-q2-update.win32_1.5.0.202011040924/tools/bin/../lib/gcc/arm-none-eabi/9.3.1/../../../../arm-none-eabi/lib/thumb/v7e-m+fp/hard/crt0.o
LOAD Core/Src/main.o
LOAD Core/Src/ov5640.o
LOAD Core/Src/stm32f4xx_hal_msp.o
LOAD Core/Src/stm32f4xx_it.o
LOAD Core/Src/syscalls.o
LOAD Core/Src/sysmem.o
LOAD Core/Src/system_stm32f4xx.o
LOAD Core/Src/usart.o
LOAD Core/Startup/startup_stm32f407vetx.o
LOAD Drivers/STM32F4xx_HAL_Driver/Src/stm32f4xx_hal.o
LOAD Drivers/STM32F4xx_HAL_Driver/Src/stm32f4xx_hal_cortex.o
LOAD Drivers/STM32F4xx_HAL_Driver/Src/stm32f4xx_hal_dcmi.o
LOAD Drivers/STM32F4xx_HAL_Driver/Src/stm32f4xx_hal_dcmi_ex.o
LOAD Drivers/STM32F4xx_HAL_Driver/Src/stm32f4xx_hal_dma.o
LOAD Drivers/STM32F4xx_HAL_Driver/Src/stm32f4xx_hal_dma_ex.o
LOAD Drivers/STM32F4xx_HAL_Driver/Src/stm32f4xx_hal_exti.o
LOAD Drivers/STM32F4xx_HAL_Driver/Src/stm32f4xx_hal_flash.o
LOAD Drivers/STM32F4xx_HAL_Driver/Src/stm32f4xx_hal_flash_ex.o
LOAD Drivers/STM32F4xx_HAL_Driver/Src/stm32f4xx_hal_flash_ramfunc.o
LOAD Drivers/STM32F4xx_HAL_Driver/Src/stm32f4xx_hal_gpio.o
LOAD Drivers/STM32F4xx_HAL_Driver/Src/stm32f4xx_hal_pcd.o
LOAD Drivers/STM32F4xx_HAL_Driver/Src/stm32f4xx_hal_pcd_ex.o
LOAD Drivers/STM32F4xx_HAL_Driver/Src/stm32f4xx_hal_pwr.o
LOAD Drivers/STM32F4xx_HAL_Driver/Src/stm32f4xx_hal_pwr_ex.o
LOAD Drivers/STM32F4xx_HAL_Driver/Src/stm32f4xx_hal_rcc.o
LOAD Drivers/STM32F4xx_HAL_Driver/Src/stm32f4xx_hal_rcc_ex.o
LOAD Drivers/STM32F4xx_HAL_Driver/Src/stm32f4xx_hal_tim.o
LOAD Drivers/STM32F4xx_HAL_Driver/Src/stm32f4xx_hal_tim_ex.o
LOAD Drivers/STM32F4xx_HAL_Driver/Src/stm32f4xx_hal_uart.o
LOAD Drivers/STM32F4xx_HAL_Driver/Src/stm32f4xx_ll_usb.o
LOAD Middlewares/ST/STM32_USB_Device_Library/Class/CDC/Src/usbd_cdc.o
LOAD Middlewares/ST/STM32_USB_Device_Library/Core/Src/usbd_core.o
LOAD Middlewares/ST/STM32_USB_Device_Library/Core/Src/usbd_ctlreq.o
LOAD Middlewares/ST/STM32_USB_Device_Library/Core/Src/usbd_ioreq.o
LOAD USB_DEVICE/App/usb_device.o
LOAD USB_DEVICE/App/usbd_cdc_if.o
LOAD USB_DEVICE/App/usbd_desc.o
LOAD USB_DEVICE/Target/usbd_conf.o
START GROUP
LOAD d:/st/stm32cubeide_1.0.1/stm32cubeide/plugins/com.st.stm32cube.ide.mcu.externaltools.gnu-tools-for-stm32.9-2020-q2-update.win32_1.5.0.202011040924/tools/bin/../lib/gcc/arm-none-eabi/9.3.1/../../../../arm-none-eabi/lib/thumb/v7e-m+fp/hard\libc_nano.a
LOAD d:/st/stm32cubeide_1.0.1/stm32cubeide/plugins/com.st.stm32cube.ide.mcu.externaltools.gnu-tools-for-stm32.9-2020-q2-update.win32_1.5.0.202011040924/tools/bin/../lib/gcc/arm-none-eabi/9.3.1/../../../../arm-none-eabi/lib/thumb/v7e-m+fp/hard\libm.a
END GROUP
START GROUP
LOAD d:/st/stm32cubeide_1.0.1/stm32cubeide/plugins/com.st.stm32cube.ide.mcu.externaltools.gnu-tools-for-stm32.9-2020-q2-update.win32_1.5.0.202011040924/tools/bin/../lib/gcc/arm-none-eabi/9.3.1/thumb/v7e-m+fp/hard\libgcc.a
LOAD d:/st/stm32cubeide_1.0.1/stm32cubeide/plugins/com.st.stm32cube.ide.mcu.externaltools.gnu-tools-for-stm32.9-2020-q2-update.win32_1.5.0.202011040924/tools/bin/../lib/gcc/arm-none-eabi/9.3.1/../../../../arm-none-eabi/lib/thumb/v7e-m+fp/hard\libc_nano.a
END GROUP
START GROUP
LOAD d:/st/stm32cubeide_1.0.1/stm32cubeide/plugins/com.st.stm32cube.ide.mcu.externaltools.gnu-tools-for-stm32.9-2020-q2-update.win32_1.5.0.202011040924/tools/bin/../lib/gcc/arm-none-eabi/9.3.1/thumb/v7e-m+fp/hard\libgcc.a
LOAD d:/st/stm32cubeide_1.0.1/stm32cubeide/plugins/com.st.stm32cube.ide.mcu.externaltools.gnu-tools-for-stm32.9-2020-q2-update.win32_1.5.0.202011040924/tools/bin/../lib/gcc/arm-none-eabi/9.3.1/../../../../arm-none-eabi/lib/thumb/v7e-m+fp/hard\libc_nano.a
LOAD d:/st/stm32cubeide_1.0.1/stm32cubeide/plugins/com.st.stm32cube.ide.mcu.externaltools.gnu-tools-for-stm32.9-2020-q2-update.win32_1.5.0.202011040924/tools/bin/../lib/gcc/arm-none-eabi/9.3.1/../../../../arm-none-eabi/lib/thumb/v7e-m+fp/hard\libnosys.a
END GROUP
START GROUP
LOAD d:/st/stm32cubeide_1.0.1/stm32cubeide/plugins/com.st.stm32cube.ide.mcu.externaltools.gnu-tools-for-stm32.9-2020-q2-update.win32_1.5.0.202011040924/tools/bin/../lib/gcc/arm-none-eabi/9.3.1/thumb/v7e-m+fp/hard\libgcc.a
LOAD d:/st/stm32cubeide_1.0.1/stm32cubeide/plugins/com.st.stm32cube.ide.mcu.externaltools.gnu-tools-for-stm32.9-2020-q2-update.win32_1.5.0.202011040924/tools/bin/../lib/gcc/arm-none-eabi/9.3.1/../../../../arm-none-eabi/lib/thumb/v7e-m+fp/hard\libc_nano.a
LOAD d:/st/stm32cubeide_1.0.1/stm32cubeide/plugins/com.st.stm32cube.ide.mcu.externaltools.gnu-tools-for-stm32.9-2020-q2-update.win32_1.5.0.202011040924/tools/bin/../lib/gcc/arm-none-eabi/9.3.1/../../../../arm-none-eabi/lib/thumb/v7e-m+fp/hard\libnosys.a
END GROUP
LOAD d:/st/stm32cubeide_1.0.1/stm32cubeide/plugins/com.st.stm32cube.ide.mcu.externaltools.gnu-tools-for-stm32.9-2020-q2-update.win32_1.5.0.202011040924/tools/bin/../lib/gcc/arm-none-eabi/9.3.1/thumb/v7e-m+fp/hard/crtend.o
LOAD d:/st/stm32cubeide_1.0.1/stm32cubeide/plugins/com.st.stm32cube.ide.mcu.externaltools.gnu-tools-for-stm32.9-2020-q2-update.win32_1.5.0.202011040924/tools/bin/../lib/gcc/arm-none-eabi/9.3.1/thumb/v7e-m+fp/hard/crtn.o
                0x0000000020020000                _estack = (ORIGIN (RAM) + LENGTH (RAM))
                0x0000000000002000                _Min_Heap_Size = 0x2000
                0x0000000000002000                _Min_Stack_Size = 0x2000

.isr_vector     0x0000000008000000      0x188
                0x0000000008000000                . = ALIGN (0x4)
 *(.isr_vector)
 .isr_vector    0x0000000008000000      0x188 Core/Startup/startup_stm32f407vetx.o
                0x0000000008000000                g_pfnVectors
                0x0000000008000188                . = ALIGN (0x4)

.text           0x0000000008000188     0xa588
                0x0000000008000188                . = ALIGN (0x4)
 *(.text)
 .text          0x0000000008000188       0x40 d:/st/stm32cubeide_1.0.1/stm32cubeide/plugins/com.st.stm32cube.ide.mcu.externaltools.gnu-tools-for-stm32.9-2020-q2-update.win32_1.5.0.202011040924/tools/bin/../lib/gcc/arm-none-eabi/9.3.1/thumb/v7e-m+fp/hard/crtbegin.o
 .text          0x00000000080001c8       0x30 d:/st/stm32cubeide_1.0.1/stm32cubeide/plugins/com.st.stm32cube.ide.mcu.externaltools.gnu-tools-for-stm32.9-2020-q2-update.win32_1.5.0.202011040924/tools/bin/../lib/gcc/arm-none-eabi/9.3.1/thumb/v7e-m+fp/hard\libgcc.a(_aeabi_uldivmod.o)
                0x00000000080001c8                __aeabi_uldivmod
 .text          0x00000000080001f8      0x2c4 d:/st/stm32cubeide_1.0.1/stm32cubeide/plugins/com.st.stm32cube.ide.mcu.externaltools.gnu-tools-for-stm32.9-2020-q2-update.win32_1.5.0.202011040924/tools/bin/../lib/gcc/arm-none-eabi/9.3.1/thumb/v7e-m+fp/hard\libgcc.a(_udivmoddi4.o)
                0x00000000080001f8                __udivmoddi4
 .text          0x00000000080004bc        0x4 d:/st/stm32cubeide_1.0.1/stm32cubeide/plugins/com.st.stm32cube.ide.mcu.externaltools.gnu-tools-for-stm32.9-2020-q2-update.win32_1.5.0.202011040924/tools/bin/../lib/gcc/arm-none-eabi/9.3.1/thumb/v7e-m+fp/hard\libgcc.a(_dvmd_tls.o)
                0x00000000080004bc                __aeabi_idiv0
                0x00000000080004bc                __aeabi_ldiv0
 *(.text*)
 .text.main     0x00000000080004c0      0x314 Core/Src/main.o
                0x00000000080004c0                main
 .text.SystemClock_Config
                0x00000000080007d4       0xe0 Core/Src/main.o
                0x00000000080007d4                SystemClock_Config
 .text.MX_NVIC_Init
                0x00000000080008b4       0x18 Core/Src/main.o
 .text.MX_DCMI_Init
                0x00000000080008cc       0x50 Core/Src/main.o
 .text.MX_USART1_UART_Init
                0x000000000800091c       0x54 Core/Src/main.o
 .text.MX_DMA_Init
                0x0000000008000970       0x50 Core/Src/main.o
 .text.MX_GPIO_Init
                0x00000000080009c0      0x154 Core/Src/main.o
 .text.HAL_UART_RxCpltCallback
                0x0000000008000b14       0x50 Core/Src/main.o
                0x0000000008000b14                HAL_UART_RxCpltCallback
 .text.HAL_UART_TxCpltCallback
                0x0000000008000b64       0x2c Core/Src/main.o
                0x0000000008000b64                HAL_UART_TxCpltCallback
 .text.DCMI_DMA_MemInc_En
                0x0000000008000b90       0x2c Core/Src/main.o
                0x0000000008000b90                DCMI_DMA_MemInc_En
 .text.Error_Handler
                0x0000000008000bbc        0xe Core/Src/main.o
                0x0000000008000bbc                Error_Handler
 *fill*         0x0000000008000bca        0x2 
 .text.SCCB_Start
                0x0000000008000bcc       0x64 Core/Src/ov5640.o
                0x0000000008000bcc                SCCB_Start
 .text.SCCB_Stop
                0x0000000008000c30       0x74 Core/Src/ov5640.o
                0x0000000008000c30                SCCB_Stop
 .text.SCCB_No_Ack
                0x0000000008000ca4       0x84 Core/Src/ov5640.o
                0x0000000008000ca4                SCCB_No_Ack
 .text.SCCB_WR_Byte
                0x0000000008000d28       0xf4 Core/Src/ov5640.o
                0x0000000008000d28                SCCB_WR_Byte
 .text.SCCB_RD_Byte
                0x0000000008000e1c       0x90 Core/Src/ov5640.o
                0x0000000008000e1c                SCCB_RD_Byte
 .text.SCCB_WR_Reg
                0x0000000008000eac       0xbc Core/Src/ov5640.o
                0x0000000008000eac                SCCB_WR_Reg
 .text.SCCB_RD_Reg
                0x0000000008000f68       0xcc Core/Src/ov5640.o
                0x0000000008000f68                SCCB_RD_Reg
 .text.SCCB_SDA_IN
                0x0000000008001034       0x5c Core/Src/ov5640.o
                0x0000000008001034                SCCB_SDA_IN
 .text.SCCB_SDA_OUT
                0x0000000008001090       0x58 Core/Src/ov5640.o
                0x0000000008001090                SCCB_SDA_OUT
 .text.SCCB_Rst
                0x00000000080010e8       0x3c Core/Src/ov5640.o
                0x00000000080010e8                SCCB_Rst
 .text.OV5640_Init
                0x0000000008001124       0x44 Core/Src/ov5640.o
                0x0000000008001124                OV5640_Init
 .text.OV5640_RGB565_Mode
                0x0000000008001168       0x48 Core/Src/ov5640.o
                0x0000000008001168                OV5640_RGB565_Mode
 .text.OV5640_OutSize_Set
                0x00000000080011b0       0xc6 Core/Src/ov5640.o
                0x00000000080011b0                OV5640_OutSize_Set
 *fill*         0x0000000008001276        0x2 
 .text.OV5640_Focus_Init
                0x0000000008001278       0xdc Core/Src/ov5640.o
                0x0000000008001278                OV5640_Focus_Init
 .text.OV5640_Focus_Single
                0x0000000008001354       0x4a Core/Src/ov5640.o
                0x0000000008001354                OV5640_Focus_Single
 .text.ov5640_speed_ctrl
                0x000000000800139e       0x1c Core/Src/ov5640.o
                0x000000000800139e                ov5640_speed_ctrl
 *fill*         0x00000000080013ba        0x2 
 .text.HAL_MspInit
                0x00000000080013bc       0x50 Core/Src/stm32f4xx_hal_msp.o
                0x00000000080013bc                HAL_MspInit
 .text.HAL_DCMI_MspInit
                0x000000000800140c      0x1fc Core/Src/stm32f4xx_hal_msp.o
                0x000000000800140c                HAL_DCMI_MspInit
 .text.HAL_UART_MspInit
                0x0000000008001608      0x108 Core/Src/stm32f4xx_hal_msp.o
                0x0000000008001608                HAL_UART_MspInit
 .text.NMI_Handler
                0x0000000008001710        0xe Core/Src/stm32f4xx_it.o
                0x0000000008001710                NMI_Handler
 .text.HardFault_Handler
                0x000000000800171e        0x6 Core/Src/stm32f4xx_it.o
                0x000000000800171e                HardFault_Handler
 .text.MemManage_Handler
                0x0000000008001724        0x6 Core/Src/stm32f4xx_it.o
                0x0000000008001724                MemManage_Handler
 .text.BusFault_Handler
                0x000000000800172a        0x6 Core/Src/stm32f4xx_it.o
                0x000000000800172a                BusFault_Handler
 .text.UsageFault_Handler
                0x0000000008001730        0x6 Core/Src/stm32f4xx_it.o
                0x0000000008001730                UsageFault_Handler
 .text.SVC_Handler
                0x0000000008001736        0xe Core/Src/stm32f4xx_it.o
                0x0000000008001736                SVC_Handler
 .text.DebugMon_Handler
                0x0000000008001744        0xe Core/Src/stm32f4xx_it.o
                0x0000000008001744                DebugMon_Handler
 .text.PendSV_Handler
                0x0000000008001752        0xe Core/Src/stm32f4xx_it.o
                0x0000000008001752                PendSV_Handler
 .text.SysTick_Handler
                0x0000000008001760        0xc Core/Src/stm32f4xx_it.o
                0x0000000008001760                SysTick_Handler
 .text.USART1_IRQHandler
                0x000000000800176c       0x14 Core/Src/stm32f4xx_it.o
                0x000000000800176c                USART1_IRQHandler
 .text.DMA2_Stream1_IRQHandler
                0x0000000008001780       0x14 Core/Src/stm32f4xx_it.o
                0x0000000008001780                DMA2_Stream1_IRQHandler
 .text.OTG_FS_IRQHandler
                0x0000000008001794       0x14 Core/Src/stm32f4xx_it.o
                0x0000000008001794                OTG_FS_IRQHandler
 .text.DMA2_Stream7_IRQHandler
                0x00000000080017a8       0x14 Core/Src/stm32f4xx_it.o
                0x00000000080017a8                DMA2_Stream7_IRQHandler
 .text.DCMI_IRQHandler
                0x00000000080017bc       0x14 Core/Src/stm32f4xx_it.o
                0x00000000080017bc                DCMI_IRQHandler
 .text.SystemInit
                0x00000000080017d0       0x2c Core/Src/system_stm32f4xx.o
                0x00000000080017d0                SystemInit
 .text.Reset_Handler
                0x00000000080017fc       0x50 Core/Startup/startup_stm32f407vetx.o
                0x00000000080017fc                Reset_Handler
 .text.Default_Handler
                0x000000000800184c        0x2 Core/Startup/startup_stm32f407vetx.o
                0x000000000800184c                RTC_Alarm_IRQHandler
                0x000000000800184c                HASH_RNG_IRQHandler
                0x000000000800184c                EXTI2_IRQHandler
                0x000000000800184c                TIM8_CC_IRQHandler
                0x000000000800184c                TIM1_CC_IRQHandler
                0x000000000800184c                DMA2_Stream5_IRQHandler
                0x000000000800184c                DMA1_Stream5_IRQHandler
                0x000000000800184c                PVD_IRQHandler
                0x000000000800184c                SDIO_IRQHandler
                0x000000000800184c                TAMP_STAMP_IRQHandler
                0x000000000800184c                CAN2_RX1_IRQHandler
                0x000000000800184c                EXTI3_IRQHandler
                0x000000000800184c                TIM8_TRG_COM_TIM14_IRQHandler
                0x000000000800184c                TIM1_UP_TIM10_IRQHandler
                0x000000000800184c                TIM8_UP_TIM13_IRQHandler
                0x000000000800184c                I2C3_ER_IRQHandler
                0x000000000800184c                EXTI0_IRQHandler
                0x000000000800184c                I2C2_EV_IRQHandler
                0x000000000800184c                DMA1_Stream2_IRQHandler
                0x000000000800184c                CAN1_RX0_IRQHandler
                0x000000000800184c                FPU_IRQHandler
                0x000000000800184c                OTG_HS_WKUP_IRQHandler
                0x000000000800184c                CAN2_SCE_IRQHandler
                0x000000000800184c                DMA2_Stream2_IRQHandler
                0x000000000800184c                SPI1_IRQHandler
                0x000000000800184c                TIM6_DAC_IRQHandler
                0x000000000800184c                TIM1_BRK_TIM9_IRQHandler
                0x000000000800184c                CAN2_RX0_IRQHandler
                0x000000000800184c                DMA2_Stream3_IRQHandler
                0x000000000800184c                USART6_IRQHandler
                0x000000000800184c                USART3_IRQHandler
                0x000000000800184c                CAN1_RX1_IRQHandler
                0x000000000800184c                UART5_IRQHandler
                0x000000000800184c                DMA2_Stream0_IRQHandler
                0x000000000800184c                TIM4_IRQHandler
                0x000000000800184c                I2C1_EV_IRQHandler
                0x000000000800184c                DMA1_Stream6_IRQHandler
                0x000000000800184c                DMA1_Stream1_IRQHandler
                0x000000000800184c                UART4_IRQHandler
                0x000000000800184c                TIM3_IRQHandler
                0x000000000800184c                RCC_IRQHandler
                0x000000000800184c                TIM8_BRK_TIM12_IRQHandler
                0x000000000800184c                Default_Handler
                0x000000000800184c                EXTI15_10_IRQHandler
                0x000000000800184c                ADC_IRQHandler
                0x000000000800184c                DMA1_Stream7_IRQHandler
                0x000000000800184c                TIM7_IRQHandler
                0x000000000800184c                CAN2_TX_IRQHandler
                0x000000000800184c                TIM5_IRQHandler
                0x000000000800184c                I2C3_EV_IRQHandler
                0x000000000800184c                EXTI9_5_IRQHandler
                0x000000000800184c                RTC_WKUP_IRQHandler
                0x000000000800184c                ETH_WKUP_IRQHandler
                0x000000000800184c                SPI2_IRQHandler
                0x000000000800184c                OTG_HS_EP1_IN_IRQHandler
                0x000000000800184c                DMA1_Stream0_IRQHandler
                0x000000000800184c                CAN1_TX_IRQHandler
                0x000000000800184c                EXTI4_IRQHandler
                0x000000000800184c                FSMC_IRQHandler
                0x000000000800184c                ETH_IRQHandler
                0x000000000800184c                OTG_HS_EP1_OUT_IRQHandler
                0x000000000800184c                WWDG_IRQHandler
                0x000000000800184c                TIM2_IRQHandler
                0x000000000800184c                OTG_FS_WKUP_IRQHandler
                0x000000000800184c                TIM1_TRG_COM_TIM11_IRQHandler
                0x000000000800184c                OTG_HS_IRQHandler
                0x000000000800184c                EXTI1_IRQHandler
                0x000000000800184c                USART2_IRQHandler
                0x000000000800184c                I2C2_ER_IRQHandler
                0x000000000800184c                CAN1_SCE_IRQHandler
                0x000000000800184c                FLASH_IRQHandler
                0x000000000800184c                DMA2_Stream4_IRQHandler
                0x000000000800184c                SPI3_IRQHandler
                0x000000000800184c                DMA1_Stream4_IRQHandler
                0x000000000800184c                I2C1_ER_IRQHandler
                0x000000000800184c                DMA2_Stream6_IRQHandler
                0x000000000800184c                DMA1_Stream3_IRQHandler
 *fill*         0x000000000800184e        0x2 
 .text.HAL_Init
                0x0000000008001850       0x44 Drivers/STM32F4xx_HAL_Driver/Src/stm32f4xx_hal.o
                0x0000000008001850                HAL_Init
 .text.HAL_InitTick
                0x0000000008001894       0x60 Drivers/STM32F4xx_HAL_Driver/Src/stm32f4xx_hal.o
                0x0000000008001894                HAL_InitTick
 .text.HAL_IncTick
                0x00000000080018f4       0x28 Drivers/STM32F4xx_HAL_Driver/Src/stm32f4xx_hal.o
                0x00000000080018f4                HAL_IncTick
 .text.HAL_GetTick
                0x000000000800191c       0x18 Drivers/STM32F4xx_HAL_Driver/Src/stm32f4xx_hal.o
                0x000000000800191c                HAL_GetTick
 .text.HAL_Delay
                0x0000000008001934       0x48 Drivers/STM32F4xx_HAL_Driver/Src/stm32f4xx_hal.o
                0x0000000008001934                HAL_Delay
 .text.__NVIC_SetPriorityGrouping
                0x000000000800197c       0x48 Drivers/STM32F4xx_HAL_Driver/Src/stm32f4xx_hal_cortex.o
 .text.__NVIC_GetPriorityGrouping
                0x00000000080019c4       0x1c Drivers/STM32F4xx_HAL_Driver/Src/stm32f4xx_hal_cortex.o
 .text.__NVIC_EnableIRQ
                0x00000000080019e0       0x3c Drivers/STM32F4xx_HAL_Driver/Src/stm32f4xx_hal_cortex.o
 .text.__NVIC_SetPriority
                0x0000000008001a1c       0x54 Drivers/STM32F4xx_HAL_Driver/Src/stm32f4xx_hal_cortex.o
 .text.NVIC_EncodePriority
                0x0000000008001a70       0x66 Drivers/STM32F4xx_HAL_Driver/Src/stm32f4xx_hal_cortex.o
 *fill*         0x0000000008001ad6        0x2 
 .text.SysTick_Config
                0x0000000008001ad8       0x44 Drivers/STM32F4xx_HAL_Driver/Src/stm32f4xx_hal_cortex.o
 .text.HAL_NVIC_SetPriorityGrouping
                0x0000000008001b1c       0x16 Drivers/STM32F4xx_HAL_Driver/Src/stm32f4xx_hal_cortex.o
                0x0000000008001b1c                HAL_NVIC_SetPriorityGrouping
 .text.HAL_NVIC_SetPriority
                0x0000000008001b32       0x38 Drivers/STM32F4xx_HAL_Driver/Src/stm32f4xx_hal_cortex.o
                0x0000000008001b32                HAL_NVIC_SetPriority
 .text.HAL_NVIC_EnableIRQ
                0x0000000008001b6a       0x1c Drivers/STM32F4xx_HAL_Driver/Src/stm32f4xx_hal_cortex.o
                0x0000000008001b6a                HAL_NVIC_EnableIRQ
 .text.HAL_SYSTICK_Config
                0x0000000008001b86       0x18 Drivers/STM32F4xx_HAL_Driver/Src/stm32f4xx_hal_cortex.o
                0x0000000008001b86                HAL_SYSTICK_Config
 *fill*         0x0000000008001b9e        0x2 
 .text.HAL_DCMI_Start_DMA
                0x0000000008001ba0      0x140 Drivers/STM32F4xx_HAL_Driver/Src/stm32f4xx_hal_dcmi.o
                0x0000000008001ba0                HAL_DCMI_Start_DMA
 .text.HAL_DCMI_Stop
                0x0000000008001ce0       0xb8 Drivers/STM32F4xx_HAL_Driver/Src/stm32f4xx_hal_dcmi.o
                0x0000000008001ce0                HAL_DCMI_Stop
 .text.HAL_DCMI_IRQHandler
                0x0000000008001d98       0xfc Drivers/STM32F4xx_HAL_Driver/Src/stm32f4xx_hal_dcmi.o
                0x0000000008001d98                HAL_DCMI_IRQHandler
 .text.HAL_DCMI_ErrorCallback
                0x0000000008001e94       0x14 Drivers/STM32F4xx_HAL_Driver/Src/stm32f4xx_hal_dcmi.o
                0x0000000008001e94                HAL_DCMI_ErrorCallback
 .text.HAL_DCMI_LineEventCallback
                0x0000000008001ea8       0x14 Drivers/STM32F4xx_HAL_Driver/Src/stm32f4xx_hal_dcmi.o
                0x0000000008001ea8                HAL_DCMI_LineEventCallback
 .text.HAL_DCMI_VsyncEventCallback
                0x0000000008001ebc       0x14 Drivers/STM32F4xx_HAL_Driver/Src/stm32f4xx_hal_dcmi.o
                0x0000000008001ebc                HAL_DCMI_VsyncEventCallback
 .text.HAL_DCMI_FrameEventCallback
                0x0000000008001ed0       0x14 Drivers/STM32F4xx_HAL_Driver/Src/stm32f4xx_hal_dcmi.o
                0x0000000008001ed0                HAL_DCMI_FrameEventCallback
 .text.HAL_DCMI_ConfigCrop
                0x0000000008001ee4       0x66 Drivers/STM32F4xx_HAL_Driver/Src/stm32f4xx_hal_dcmi.o
                0x0000000008001ee4                HAL_DCMI_ConfigCrop
 .text.HAL_DCMI_DisableCrop
                0x0000000008001f4a       0x54 Drivers/STM32F4xx_HAL_Driver/Src/stm32f4xx_hal_dcmi.o
                0x0000000008001f4a                HAL_DCMI_DisableCrop
 .text.HAL_DCMI_EnableCrop
                0x0000000008001f9e       0x54 Drivers/STM32F4xx_HAL_Driver/Src/stm32f4xx_hal_dcmi.o
                0x0000000008001f9e                HAL_DCMI_EnableCrop
 .text.DCMI_DMAXferCplt
                0x0000000008001ff2      0x12a Drivers/STM32F4xx_HAL_Driver/Src/stm32f4xx_hal_dcmi.o
 .text.DCMI_DMAError
                0x000000000800211c       0x2e Drivers/STM32F4xx_HAL_Driver/Src/stm32f4xx_hal_dcmi.o
 .text.HAL_DCMI_Init
                0x000000000800214a       0xda Drivers/STM32F4xx_HAL_Driver/Src/stm32f4xx_hal_dcmi_ex.o
                0x000000000800214a                HAL_DCMI_Init
 .text.HAL_DMA_Init
                0x0000000008002224      0x15c Drivers/STM32F4xx_HAL_Driver/Src/stm32f4xx_hal_dma.o
                0x0000000008002224                HAL_DMA_Init
 .text.HAL_DMA_DeInit
                0x0000000008002380       0xbc Drivers/STM32F4xx_HAL_Driver/Src/stm32f4xx_hal_dma.o
                0x0000000008002380                HAL_DMA_DeInit
 .text.HAL_DMA_Start_IT
                0x000000000800243c       0xb0 Drivers/STM32F4xx_HAL_Driver/Src/stm32f4xx_hal_dma.o
                0x000000000800243c                HAL_DMA_Start_IT
 .text.HAL_DMA_Abort
                0x00000000080024ec       0xe0 Drivers/STM32F4xx_HAL_Driver/Src/stm32f4xx_hal_dma.o
                0x00000000080024ec                HAL_DMA_Abort
 .text.HAL_DMA_Abort_IT
                0x00000000080025cc       0x44 Drivers/STM32F4xx_HAL_Driver/Src/stm32f4xx_hal_dma.o
                0x00000000080025cc                HAL_DMA_Abort_IT
 .text.HAL_DMA_IRQHandler
                0x0000000008002610      0x314 Drivers/STM32F4xx_HAL_Driver/Src/stm32f4xx_hal_dma.o
                0x0000000008002610                HAL_DMA_IRQHandler
 .text.HAL_DMA_GetState
                0x0000000008002924       0x1c Drivers/STM32F4xx_HAL_Driver/Src/stm32f4xx_hal_dma.o
                0x0000000008002924                HAL_DMA_GetState
 .text.DMA_SetConfig
                0x0000000008002940       0x5c Drivers/STM32F4xx_HAL_Driver/Src/stm32f4xx_hal_dma.o
 .text.DMA_CalcBaseAndBitshift
                0x000000000800299c       0x6c Drivers/STM32F4xx_HAL_Driver/Src/stm32f4xx_hal_dma.o
 .text.DMA_CheckFifoParam
                0x0000000008002a08       0xf8 Drivers/STM32F4xx_HAL_Driver/Src/stm32f4xx_hal_dma.o
 .text.HAL_DMAEx_MultiBufferStart_IT
                0x0000000008002b00     0x1290 Drivers/STM32F4xx_HAL_Driver/Src/stm32f4xx_hal_dma_ex.o
                0x0000000008002b00                HAL_DMAEx_MultiBufferStart_IT
 .text.HAL_DMAEx_ChangeMemory
                0x0000000008003d90       0x34 Drivers/STM32F4xx_HAL_Driver/Src/stm32f4xx_hal_dma_ex.o
                0x0000000008003d90                HAL_DMAEx_ChangeMemory
 .text.DMA_MultiBufferSetConfig
                0x0000000008003dc4       0x4c Drivers/STM32F4xx_HAL_Driver/Src/stm32f4xx_hal_dma_ex.o
 .text.HAL_GPIO_Init
                0x0000000008003e10      0x338 Drivers/STM32F4xx_HAL_Driver/Src/stm32f4xx_hal_gpio.o
                0x0000000008003e10                HAL_GPIO_Init
 .text.HAL_GPIO_ReadPin
                0x0000000008004148       0x30 Drivers/STM32F4xx_HAL_Driver/Src/stm32f4xx_hal_gpio.o
                0x0000000008004148                HAL_GPIO_ReadPin
 .text.HAL_GPIO_WritePin
                0x0000000008004178       0x32 Drivers/STM32F4xx_HAL_Driver/Src/stm32f4xx_hal_gpio.o
                0x0000000008004178                HAL_GPIO_WritePin
 .text.HAL_PCD_Init
                0x00000000080041aa      0x23a Drivers/STM32F4xx_HAL_Driver/Src/stm32f4xx_hal_pcd.o
                0x00000000080041aa                HAL_PCD_Init
 .text.HAL_PCD_Start
                0x00000000080043e4       0x66 Drivers/STM32F4xx_HAL_Driver/Src/stm32f4xx_hal_pcd.o
                0x00000000080043e4                HAL_PCD_Start
 .text.HAL_PCD_IRQHandler
                0x000000000800444a      0x764 Drivers/STM32F4xx_HAL_Driver/Src/stm32f4xx_hal_pcd.o
                0x000000000800444a                HAL_PCD_IRQHandler
 .text.HAL_PCD_SetAddress
                0x0000000008004bae       0x4a Drivers/STM32F4xx_HAL_Driver/Src/stm32f4xx_hal_pcd.o
                0x0000000008004bae                HAL_PCD_SetAddress
 .text.HAL_PCD_EP_Open
                0x0000000008004bf8       0xd0 Drivers/STM32F4xx_HAL_Driver/Src/stm32f4xx_hal_pcd.o
                0x0000000008004bf8                HAL_PCD_EP_Open
 .text.HAL_PCD_EP_Close
                0x0000000008004cc8       0x94 Drivers/STM32F4xx_HAL_Driver/Src/stm32f4xx_hal_pcd.o
                0x0000000008004cc8                HAL_PCD_EP_Close
 .text.HAL_PCD_EP_Receive
                0x0000000008004d5c       0x96 Drivers/STM32F4xx_HAL_Driver/Src/stm32f4xx_hal_pcd.o
                0x0000000008004d5c                HAL_PCD_EP_Receive
 .text.HAL_PCD_EP_GetRxCount
                0x0000000008004df2       0x30 Drivers/STM32F4xx_HAL_Driver/Src/stm32f4xx_hal_pcd.o
                0x0000000008004df2                HAL_PCD_EP_GetRxCount
 .text.HAL_PCD_EP_Transmit
                0x0000000008004e22       0x94 Drivers/STM32F4xx_HAL_Driver/Src/stm32f4xx_hal_pcd.o
                0x0000000008004e22                HAL_PCD_EP_Transmit
 .text.HAL_PCD_EP_SetStall
                0x0000000008004eb6       0xc8 Drivers/STM32F4xx_HAL_Driver/Src/stm32f4xx_hal_pcd.o
                0x0000000008004eb6                HAL_PCD_EP_SetStall
 .text.HAL_PCD_EP_ClrStall
                0x0000000008004f7e       0xac Drivers/STM32F4xx_HAL_Driver/Src/stm32f4xx_hal_pcd.o
                0x0000000008004f7e                HAL_PCD_EP_ClrStall
 .text.PCD_WriteEmptyTxFifo
                0x000000000800502a      0x11a Drivers/STM32F4xx_HAL_Driver/Src/stm32f4xx_hal_pcd.o
 .text.PCD_EP_OutXfrComplete_int
                0x0000000008005144      0x218 Drivers/STM32F4xx_HAL_Driver/Src/stm32f4xx_hal_pcd.o
 .text.PCD_EP_OutSetupPacket_int
                0x000000000800535c       0x8c Drivers/STM32F4xx_HAL_Driver/Src/stm32f4xx_hal_pcd.o
 .text.HAL_PCDEx_SetTxFiFo
                0x00000000080053e8       0x8e Drivers/STM32F4xx_HAL_Driver/Src/stm32f4xx_hal_pcd_ex.o
                0x00000000080053e8                HAL_PCDEx_SetTxFiFo
 .text.HAL_PCDEx_SetRxFiFo
                0x0000000008005476       0x22 Drivers/STM32F4xx_HAL_Driver/Src/stm32f4xx_hal_pcd_ex.o
                0x0000000008005476                HAL_PCDEx_SetRxFiFo
 .text.HAL_PCDEx_LPM_Callback
                0x0000000008005498       0x18 Drivers/STM32F4xx_HAL_Driver/Src/stm32f4xx_hal_pcd_ex.o
                0x0000000008005498                HAL_PCDEx_LPM_Callback
 .text.HAL_RCC_OscConfig
                0x00000000080054b0      0x4f0 Drivers/STM32F4xx_HAL_Driver/Src/stm32f4xx_hal_rcc.o
                0x00000000080054b0                HAL_RCC_OscConfig
 .text.HAL_RCC_ClockConfig
                0x00000000080059a0      0x1cc Drivers/STM32F4xx_HAL_Driver/Src/stm32f4xx_hal_rcc.o
                0x00000000080059a0                HAL_RCC_ClockConfig
 .text.HAL_RCC_MCOConfig
                0x0000000008005b6c       0xd0 Drivers/STM32F4xx_HAL_Driver/Src/stm32f4xx_hal_rcc.o
                0x0000000008005b6c                HAL_RCC_MCOConfig
 .text.HAL_RCC_GetSysClockFreq
                0x0000000008005c3c      0x16c Drivers/STM32F4xx_HAL_Driver/Src/stm32f4xx_hal_rcc.o
                0x0000000008005c3c                HAL_RCC_GetSysClockFreq
 .text.HAL_RCC_GetHCLKFreq
                0x0000000008005da8       0x18 Drivers/STM32F4xx_HAL_Driver/Src/stm32f4xx_hal_rcc.o
                0x0000000008005da8                HAL_RCC_GetHCLKFreq
 .text.HAL_RCC_GetPCLK1Freq
                0x0000000008005dc0       0x28 Drivers/STM32F4xx_HAL_Driver/Src/stm32f4xx_hal_rcc.o
                0x0000000008005dc0                HAL_RCC_GetPCLK1Freq
 .text.HAL_RCC_GetPCLK2Freq
                0x0000000008005de8       0x28 Drivers/STM32F4xx_HAL_Driver/Src/stm32f4xx_hal_rcc.o
                0x0000000008005de8                HAL_RCC_GetPCLK2Freq
 .text.HAL_UART_Init
                0x0000000008005e10       0x9a Drivers/STM32F4xx_HAL_Driver/Src/stm32f4xx_hal_uart.o
                0x0000000008005e10                HAL_UART_Init
 .text.HAL_UART_Transmit
                0x0000000008005eaa      0x124 Drivers/STM32F4xx_HAL_Driver/Src/stm32f4xx_hal_uart.o
                0x0000000008005eaa                HAL_UART_Transmit
 .text.HAL_UART_Receive_IT
                0x0000000008005fce       0x60 Drivers/STM32F4xx_HAL_Driver/Src/stm32f4xx_hal_uart.o
                0x0000000008005fce                HAL_UART_Receive_IT
 *fill*         0x000000000800602e        0x2 
 .text.HAL_UART_Transmit_DMA
                0x0000000008006030       0xd8 Drivers/STM32F4xx_HAL_Driver/Src/stm32f4xx_hal_uart.o
                0x0000000008006030                HAL_UART_Transmit_DMA
 .text.HAL_UART_IRQHandler
                0x0000000008006108      0x358 Drivers/STM32F4xx_HAL_Driver/Src/stm32f4xx_hal_uart.o
                0x0000000008006108                HAL_UART_IRQHandler
 .text.HAL_UART_TxHalfCpltCallback
                0x0000000008006460       0x14 Drivers/STM32F4xx_HAL_Driver/Src/stm32f4xx_hal_uart.o
                0x0000000008006460                HAL_UART_TxHalfCpltCallback
 .text.HAL_UART_ErrorCallback
                0x0000000008006474       0x14 Drivers/STM32F4xx_HAL_Driver/Src/stm32f4xx_hal_uart.o
                0x0000000008006474                HAL_UART_ErrorCallback
 .text.HAL_UARTEx_RxEventCallback
                0x0000000008006488       0x18 Drivers/STM32F4xx_HAL_Driver/Src/stm32f4xx_hal_uart.o
                0x0000000008006488                HAL_UARTEx_RxEventCallback
 .text.UART_DMATransmitCplt
                0x00000000080064a0       0x52 Drivers/STM32F4xx_HAL_Driver/Src/stm32f4xx_hal_uart.o
 .text.UART_DMATxHalfCplt
                0x00000000080064f2       0x1c Drivers/STM32F4xx_HAL_Driver/Src/stm32f4xx_hal_uart.o
 .text.UART_DMAError
                0x000000000800650e       0x94 Drivers/STM32F4xx_HAL_Driver/Src/stm32f4xx_hal_uart.o
 .text.UART_WaitOnFlagUntilTimeout
                0x00000000080065a2       0x94 Drivers/STM32F4xx_HAL_Driver/Src/stm32f4xx_hal_uart.o
 .text.UART_Start_Receive_IT
                0x0000000008006636       0x74 Drivers/STM32F4xx_HAL_Driver/Src/stm32f4xx_hal_uart.o
                0x0000000008006636                UART_Start_Receive_IT
 .text.UART_EndTxTransfer
                0x00000000080066aa       0x2c Drivers/STM32F4xx_HAL_Driver/Src/stm32f4xx_hal_uart.o
 .text.UART_EndRxTransfer
                0x00000000080066d6       0x5a Drivers/STM32F4xx_HAL_Driver/Src/stm32f4xx_hal_uart.o
 .text.UART_DMAAbortOnError
                0x0000000008006730       0x28 Drivers/STM32F4xx_HAL_Driver/Src/stm32f4xx_hal_uart.o
 .text.UART_Transmit_IT
                0x0000000008006758       0xa0 Drivers/STM32F4xx_HAL_Driver/Src/stm32f4xx_hal_uart.o
 .text.UART_EndTransmit_IT
                0x00000000080067f8       0x30 Drivers/STM32F4xx_HAL_Driver/Src/stm32f4xx_hal_uart.o
 .text.UART_Receive_IT
                0x0000000008006828      0x12e Drivers/STM32F4xx_HAL_Driver/Src/stm32f4xx_hal_uart.o
 *fill*         0x0000000008006956        0x2 
 .text.UART_SetConfig
                0x0000000008006958      0x390 Drivers/STM32F4xx_HAL_Driver/Src/stm32f4xx_hal_uart.o
 .text.USB_CoreInit
                0x0000000008006ce8       0xc2 Drivers/STM32F4xx_HAL_Driver/Src/stm32f4xx_ll_usb.o
                0x0000000008006ce8                USB_CoreInit
 *fill*         0x0000000008006daa        0x2 
 .text.USB_SetTurnaroundTime
                0x0000000008006dac      0x144 Drivers/STM32F4xx_HAL_Driver/Src/stm32f4xx_ll_usb.o
                0x0000000008006dac                USB_SetTurnaroundTime
 .text.USB_EnableGlobalInt
                0x0000000008006ef0       0x22 Drivers/STM32F4xx_HAL_Driver/Src/stm32f4xx_ll_usb.o
                0x0000000008006ef0                USB_EnableGlobalInt
 .text.USB_DisableGlobalInt
                0x0000000008006f12       0x22 Drivers/STM32F4xx_HAL_Driver/Src/stm32f4xx_ll_usb.o
                0x0000000008006f12                USB_DisableGlobalInt
 .text.USB_SetCurrentMode
                0x0000000008006f34       0x54 Drivers/STM32F4xx_HAL_Driver/Src/stm32f4xx_ll_usb.o
                0x0000000008006f34                USB_SetCurrentMode
 .text.USB_DevInit
                0x0000000008006f88      0x2c8 Drivers/STM32F4xx_HAL_Driver/Src/stm32f4xx_ll_usb.o
                0x0000000008006f88                USB_DevInit
 .text.USB_FlushTxFifo
                0x0000000008007250       0x4c Drivers/STM32F4xx_HAL_Driver/Src/stm32f4xx_ll_usb.o
                0x0000000008007250                USB_FlushTxFifo
 .text.USB_FlushRxFifo
                0x000000000800729c       0x44 Drivers/STM32F4xx_HAL_Driver/Src/stm32f4xx_ll_usb.o
                0x000000000800729c                USB_FlushRxFifo
 .text.USB_SetDevSpeed
                0x00000000080072e0       0x32 Drivers/STM32F4xx_HAL_Driver/Src/stm32f4xx_ll_usb.o
                0x00000000080072e0                USB_SetDevSpeed
 .text.USB_GetDevSpeed
                0x0000000008007312       0x4a Drivers/STM32F4xx_HAL_Driver/Src/stm32f4xx_ll_usb.o
                0x0000000008007312                USB_GetDevSpeed
 .text.USB_ActivateEndpoint
                0x000000000800735c      0x10e Drivers/STM32F4xx_HAL_Driver/Src/stm32f4xx_ll_usb.o
                0x000000000800735c                USB_ActivateEndpoint
 *fill*         0x000000000800746a        0x2 
 .text.USB_DeactivateEndpoint
                0x000000000800746c      0x1b8 Drivers/STM32F4xx_HAL_Driver/Src/stm32f4xx_ll_usb.o
                0x000000000800746c                USB_DeactivateEndpoint
 .text.USB_EPStartXfer
                0x0000000008007624      0x488 Drivers/STM32F4xx_HAL_Driver/Src/stm32f4xx_ll_usb.o
                0x0000000008007624                USB_EPStartXfer
 .text.USB_EP0StartXfer
                0x0000000008007aac      0x2a6 Drivers/STM32F4xx_HAL_Driver/Src/stm32f4xx_ll_usb.o
                0x0000000008007aac                USB_EP0StartXfer
 .text.USB_WritePacket
                0x0000000008007d52       0x6a Drivers/STM32F4xx_HAL_Driver/Src/stm32f4xx_ll_usb.o
                0x0000000008007d52                USB_WritePacket
 .text.USB_ReadPacket
                0x0000000008007dbc       0x52 Drivers/STM32F4xx_HAL_Driver/Src/stm32f4xx_ll_usb.o
                0x0000000008007dbc                USB_ReadPacket
 .text.USB_EPSetStall
                0x0000000008007e0e       0xdc Drivers/STM32F4xx_HAL_Driver/Src/stm32f4xx_ll_usb.o
                0x0000000008007e0e                USB_EPSetStall
 .text.USB_EPClearStall
                0x0000000008007eea       0xcc Drivers/STM32F4xx_HAL_Driver/Src/stm32f4xx_ll_usb.o
                0x0000000008007eea                USB_EPClearStall
 .text.USB_SetDevAddress
                0x0000000008007fb6       0x4c Drivers/STM32F4xx_HAL_Driver/Src/stm32f4xx_ll_usb.o
                0x0000000008007fb6                USB_SetDevAddress
 .text.USB_DevConnect
                0x0000000008008002       0x42 Drivers/STM32F4xx_HAL_Driver/Src/stm32f4xx_ll_usb.o
                0x0000000008008002                USB_DevConnect
 .text.USB_DevDisconnect
                0x0000000008008044       0x42 Drivers/STM32F4xx_HAL_Driver/Src/stm32f4xx_ll_usb.o
                0x0000000008008044                USB_DevDisconnect
 .text.USB_ReadInterrupts
                0x0000000008008086       0x26 Drivers/STM32F4xx_HAL_Driver/Src/stm32f4xx_ll_usb.o
                0x0000000008008086                USB_ReadInterrupts
 .text.USB_ReadDevAllOutEpInterrupt
                0x00000000080080ac       0x34 Drivers/STM32F4xx_HAL_Driver/Src/stm32f4xx_ll_usb.o
                0x00000000080080ac                USB_ReadDevAllOutEpInterrupt
 .text.USB_ReadDevAllInEpInterrupt
                0x00000000080080e0       0x34 Drivers/STM32F4xx_HAL_Driver/Src/stm32f4xx_ll_usb.o
                0x00000000080080e0                USB_ReadDevAllInEpInterrupt
 .text.USB_ReadDevOutEPInterrupt
                0x0000000008008114       0x3c Drivers/STM32F4xx_HAL_Driver/Src/stm32f4xx_ll_usb.o
                0x0000000008008114                USB_ReadDevOutEPInterrupt
 .text.USB_ReadDevInEPInterrupt
                0x0000000008008150       0x5c Drivers/STM32F4xx_HAL_Driver/Src/stm32f4xx_ll_usb.o
                0x0000000008008150                USB_ReadDevInEPInterrupt
 .text.USB_GetMode
                0x00000000080081ac       0x1c Drivers/STM32F4xx_HAL_Driver/Src/stm32f4xx_ll_usb.o
                0x00000000080081ac                USB_GetMode
 .text.USB_ActivateSetup
                0x00000000080081c8       0x46 Drivers/STM32F4xx_HAL_Driver/Src/stm32f4xx_ll_usb.o
                0x00000000080081c8                USB_ActivateSetup
 *fill*         0x000000000800820e        0x2 
 .text.USB_EP0_OutStart
                0x0000000008008210       0xbc Drivers/STM32F4xx_HAL_Driver/Src/stm32f4xx_ll_usb.o
                0x0000000008008210                USB_EP0_OutStart
 .text.USB_CoreReset
                0x00000000080082cc       0x68 Drivers/STM32F4xx_HAL_Driver/Src/stm32f4xx_ll_usb.o
 .text.USBD_CDC_Init
                0x0000000008008334       0xfe Middlewares/ST/STM32_USB_Device_Library/Class/CDC/Src/usbd_cdc.o
 .text.USBD_CDC_DeInit
                0x0000000008008432       0x74 Middlewares/ST/STM32_USB_Device_Library/Class/CDC/Src/usbd_cdc.o
 *fill*         0x00000000080084a6        0x2 
 .text.USBD_CDC_Setup
                0x00000000080084a8      0x190 Middlewares/ST/STM32_USB_Device_Library/Class/CDC/Src/usbd_cdc.o
 .text.USBD_CDC_DataIn
                0x0000000008008638       0xca Middlewares/ST/STM32_USB_Device_Library/Class/CDC/Src/usbd_cdc.o
 .text.USBD_CDC_DataOut
                0x0000000008008702       0x56 Middlewares/ST/STM32_USB_Device_Library/Class/CDC/Src/usbd_cdc.o
 .text.USBD_CDC_EP0_RxReady
                0x0000000008008758       0x5a Middlewares/ST/STM32_USB_Device_Library/Class/CDC/Src/usbd_cdc.o
 *fill*         0x00000000080087b2        0x2 
 .text.USBD_CDC_GetFSCfgDesc
                0x00000000080087b4       0x20 Middlewares/ST/STM32_USB_Device_Library/Class/CDC/Src/usbd_cdc.o
 .text.USBD_CDC_GetHSCfgDesc
                0x00000000080087d4       0x20 Middlewares/ST/STM32_USB_Device_Library/Class/CDC/Src/usbd_cdc.o
 .text.USBD_CDC_GetOtherSpeedCfgDesc
                0x00000000080087f4       0x20 Middlewares/ST/STM32_USB_Device_Library/Class/CDC/Src/usbd_cdc.o
 .text.USBD_CDC_GetDeviceQualifierDescriptor
                0x0000000008008814       0x20 Middlewares/ST/STM32_USB_Device_Library/Class/CDC/Src/usbd_cdc.o
                0x0000000008008814                USBD_CDC_GetDeviceQualifierDescriptor
 .text.USBD_CDC_RegisterInterface
                0x0000000008008834       0x2a Middlewares/ST/STM32_USB_Device_Library/Class/CDC/Src/usbd_cdc.o
                0x0000000008008834                USBD_CDC_RegisterInterface
 .text.USBD_CDC_SetTxBuffer
                0x000000000800885e       0x3c Middlewares/ST/STM32_USB_Device_Library/Class/CDC/Src/usbd_cdc.o
                0x000000000800885e                USBD_CDC_SetTxBuffer
 .text.USBD_CDC_SetRxBuffer
                0x000000000800889a       0x32 Middlewares/ST/STM32_USB_Device_Library/Class/CDC/Src/usbd_cdc.o
                0x000000000800889a                USBD_CDC_SetRxBuffer
 .text.USBD_CDC_TransmitPacket
                0x00000000080088cc       0x60 Middlewares/ST/STM32_USB_Device_Library/Class/CDC/Src/usbd_cdc.o
                0x00000000080088cc                USBD_CDC_TransmitPacket
 .text.USBD_CDC_ReceivePacket
                0x000000000800892c       0x54 Middlewares/ST/STM32_USB_Device_Library/Class/CDC/Src/usbd_cdc.o
                0x000000000800892c                USBD_CDC_ReceivePacket
 .text.USBD_Init
                0x0000000008008980       0x60 Middlewares/ST/STM32_USB_Device_Library/Core/Src/usbd_core.o
                0x0000000008008980                USBD_Init
 .text.USBD_RegisterClass
                0x00000000080089e0       0x4e Middlewares/ST/STM32_USB_Device_Library/Core/Src/usbd_core.o
                0x00000000080089e0                USBD_RegisterClass
 .text.USBD_Start
                0x0000000008008a2e       0x18 Middlewares/ST/STM32_USB_Device_Library/Core/Src/usbd_core.o
                0x0000000008008a2e                USBD_Start
 .text.USBD_RunTestMode
                0x0000000008008a46       0x16 Middlewares/ST/STM32_USB_Device_Library/Core/Src/usbd_core.o
                0x0000000008008a46                USBD_RunTestMode
 .text.USBD_SetClassConfig
                0x0000000008008a5c       0x38 Middlewares/ST/STM32_USB_Device_Library/Core/Src/usbd_core.o
                0x0000000008008a5c                USBD_SetClassConfig
 .text.USBD_ClrClassConfig
                0x0000000008008a94       0x30 Middlewares/ST/STM32_USB_Device_Library/Core/Src/usbd_core.o
                0x0000000008008a94                USBD_ClrClassConfig
 .text.USBD_LL_SetupStage
                0x0000000008008ac4       0xaa Middlewares/ST/STM32_USB_Device_Library/Core/Src/usbd_core.o
                0x0000000008008ac4                USBD_LL_SetupStage
 .text.USBD_LL_DataOutStage
                0x0000000008008b6e       0xc6 Middlewares/ST/STM32_USB_Device_Library/Core/Src/usbd_core.o
                0x0000000008008b6e                USBD_LL_DataOutStage
 .text.USBD_LL_DataInStage
                0x0000000008008c34      0x12c Middlewares/ST/STM32_USB_Device_Library/Core/Src/usbd_core.o
                0x0000000008008c34                USBD_LL_DataInStage
 .text.USBD_LL_Reset
                0x0000000008008d60       0x9c Middlewares/ST/STM32_USB_Device_Library/Core/Src/usbd_core.o
                0x0000000008008d60                USBD_LL_Reset
 .text.USBD_LL_SetSpeed
                0x0000000008008dfc       0x20 Middlewares/ST/STM32_USB_Device_Library/Core/Src/usbd_core.o
                0x0000000008008dfc                USBD_LL_SetSpeed
 .text.USBD_LL_Suspend
                0x0000000008008e1c       0x2c Middlewares/ST/STM32_USB_Device_Library/Core/Src/usbd_core.o
                0x0000000008008e1c                USBD_LL_Suspend
 .text.USBD_LL_Resume
                0x0000000008008e48       0x30 Middlewares/ST/STM32_USB_Device_Library/Core/Src/usbd_core.o
                0x0000000008008e48                USBD_LL_Resume
 .text.USBD_LL_SOF
                0x0000000008008e78       0x44 Middlewares/ST/STM32_USB_Device_Library/Core/Src/usbd_core.o
                0x0000000008008e78                USBD_LL_SOF
 .text.USBD_LL_IsoINIncomplete
                0x0000000008008ebc       0x4c Middlewares/ST/STM32_USB_Device_Library/Core/Src/usbd_core.o
                0x0000000008008ebc                USBD_LL_IsoINIncomplete
 .text.USBD_LL_IsoOUTIncomplete
                0x0000000008008f08       0x4c Middlewares/ST/STM32_USB_Device_Library/Core/Src/usbd_core.o
                0x0000000008008f08                USBD_LL_IsoOUTIncomplete
 .text.USBD_LL_DevConnected
                0x0000000008008f54       0x16 Middlewares/ST/STM32_USB_Device_Library/Core/Src/usbd_core.o
                0x0000000008008f54                USBD_LL_DevConnected
 .text.USBD_LL_DevDisconnected
                0x0000000008008f6a       0x38 Middlewares/ST/STM32_USB_Device_Library/Core/Src/usbd_core.o
                0x0000000008008f6a                USBD_LL_DevDisconnected
 .text.SWAPBYTE
                0x0000000008008fa2       0x3c Middlewares/ST/STM32_USB_Device_Library/Core/Src/usbd_ctlreq.o
 *fill*         0x0000000008008fde        0x2 
 .text.USBD_StdDevReq
                0x0000000008008fe0       0xdc Middlewares/ST/STM32_USB_Device_Library/Core/Src/usbd_ctlreq.o
                0x0000000008008fe0                USBD_StdDevReq
 .text.USBD_StdItfReq
                0x00000000080090bc       0x92 Middlewares/ST/STM32_USB_Device_Library/Core/Src/usbd_ctlreq.o
                0x00000000080090bc                USBD_StdItfReq
 .text.USBD_StdEPReq
                0x000000000800914e      0x2c4 Middlewares/ST/STM32_USB_Device_Library/Core/Src/usbd_ctlreq.o
                0x000000000800914e                USBD_StdEPReq
 *fill*         0x0000000008009412        0x2 
 .text.USBD_GetDescriptor
                0x0000000008009414      0x2d4 Middlewares/ST/STM32_USB_Device_Library/Core/Src/usbd_ctlreq.o
 .text.USBD_SetAddress
                0x00000000080096e8       0x88 Middlewares/ST/STM32_USB_Device_Library/Core/Src/usbd_ctlreq.o
 .text.USBD_SetConfig
                0x0000000008009770      0x14c Middlewares/ST/STM32_USB_Device_Library/Core/Src/usbd_ctlreq.o
 .text.USBD_GetConfig
                0x00000000080098bc       0x6c Middlewares/ST/STM32_USB_Device_Library/Core/Src/usbd_ctlreq.o
 .text.USBD_GetStatus
                0x0000000008009928       0x68 Middlewares/ST/STM32_USB_Device_Library/Core/Src/usbd_ctlreq.o
 .text.USBD_SetFeature
                0x0000000008009990       0x28 Middlewares/ST/STM32_USB_Device_Library/Core/Src/usbd_ctlreq.o
 .text.USBD_ClrFeature
                0x00000000080099b8       0x44 Middlewares/ST/STM32_USB_Device_Library/Core/Src/usbd_ctlreq.o
 .text.USBD_ParseSetupRequest
                0x00000000080099fc       0x74 Middlewares/ST/STM32_USB_Device_Library/Core/Src/usbd_ctlreq.o
                0x00000000080099fc                USBD_ParseSetupRequest
 .text.USBD_CtlError
                0x0000000008009a70       0x22 Middlewares/ST/STM32_USB_Device_Library/Core/Src/usbd_ctlreq.o
                0x0000000008009a70                USBD_CtlError
 .text.USBD_GetString
                0x0000000008009a92       0x8c Middlewares/ST/STM32_USB_Device_Library/Core/Src/usbd_ctlreq.o
                0x0000000008009a92                USBD_GetString
 .text.USBD_GetLen
                0x0000000008009b1e       0x34 Middlewares/ST/STM32_USB_Device_Library/Core/Src/usbd_ctlreq.o
 .text.USBD_CtlSendData
                0x0000000008009b52       0x36 Middlewares/ST/STM32_USB_Device_Library/Core/Src/usbd_ioreq.o
                0x0000000008009b52                USBD_CtlSendData
 .text.USBD_CtlContinueSendData
                0x0000000008009b88       0x22 Middlewares/ST/STM32_USB_Device_Library/Core/Src/usbd_ioreq.o
                0x0000000008009b88                USBD_CtlContinueSendData
 .text.USBD_CtlPrepareRx
                0x0000000008009baa       0x3a Middlewares/ST/STM32_USB_Device_Library/Core/Src/usbd_ioreq.o
                0x0000000008009baa                USBD_CtlPrepareRx
 .text.USBD_CtlContinueRx
                0x0000000008009be4       0x22 Middlewares/ST/STM32_USB_Device_Library/Core/Src/usbd_ioreq.o
                0x0000000008009be4                USBD_CtlContinueRx
 .text.USBD_CtlSendStatus
                0x0000000008009c06       0x26 Middlewares/ST/STM32_USB_Device_Library/Core/Src/usbd_ioreq.o
                0x0000000008009c06                USBD_CtlSendStatus
 .text.USBD_CtlReceiveStatus
                0x0000000008009c2c       0x26 Middlewares/ST/STM32_USB_Device_Library/Core/Src/usbd_ioreq.o
                0x0000000008009c2c                USBD_CtlReceiveStatus
 *fill*         0x0000000008009c52        0x2 
 .text.MX_USB_DEVICE_Init
                0x0000000008009c54       0x60 USB_DEVICE/App/usb_device.o
                0x0000000008009c54                MX_USB_DEVICE_Init
 .text.CDC_Init_FS
                0x0000000008009cb4       0x28 USB_DEVICE/App/usbd_cdc_if.o
 .text.CDC_DeInit_FS
                0x0000000008009cdc       0x10 USB_DEVICE/App/usbd_cdc_if.o
 .text.CDC_Control_FS
                0x0000000008009cec       0xbc USB_DEVICE/App/usbd_cdc_if.o
 .text.CDC_Receive_FS
                0x0000000008009da8       0x38 USB_DEVICE/App/usbd_cdc_if.o
 .text.CDC_Transmit_FS
                0x0000000008009de0       0x4c USB_DEVICE/App/usbd_cdc_if.o
                0x0000000008009de0                CDC_Transmit_FS
 .text.CDC_TransmitCplt_FS
                0x0000000008009e2c       0x2c USB_DEVICE/App/usbd_cdc_if.o
 .text.USBD_FS_DeviceDescriptor
                0x0000000008009e58       0x24 USB_DEVICE/App/usbd_desc.o
                0x0000000008009e58                USBD_FS_DeviceDescriptor
 .text.USBD_FS_LangIDStrDescriptor
                0x0000000008009e7c       0x24 USB_DEVICE/App/usbd_desc.o
                0x0000000008009e7c                USBD_FS_LangIDStrDescriptor
 .text.USBD_FS_ProductStrDescriptor
                0x0000000008009ea0       0x3c USB_DEVICE/App/usbd_desc.o
                0x0000000008009ea0                USBD_FS_ProductStrDescriptor
 .text.USBD_FS_ManufacturerStrDescriptor
                0x0000000008009edc       0x28 USB_DEVICE/App/usbd_desc.o
                0x0000000008009edc                USBD_FS_ManufacturerStrDescriptor
 .text.USBD_FS_SerialStrDescriptor
                0x0000000008009f04       0x24 USB_DEVICE/App/usbd_desc.o
                0x0000000008009f04                USBD_FS_SerialStrDescriptor
 .text.USBD_FS_ConfigStrDescriptor
                0x0000000008009f28       0x3c USB_DEVICE/App/usbd_desc.o
                0x0000000008009f28                USBD_FS_ConfigStrDescriptor
 .text.USBD_FS_InterfaceStrDescriptor
                0x0000000008009f64       0x3c USB_DEVICE/App/usbd_desc.o
                0x0000000008009f64                USBD_FS_InterfaceStrDescriptor
 .text.Get_SerialNum
                0x0000000008009fa0       0x58 USB_DEVICE/App/usbd_desc.o
 .text.IntToUnicode
                0x0000000008009ff8       0x7e USB_DEVICE/App/usbd_desc.o
 *fill*         0x000000000800a076        0x2 
 .text.HAL_PCD_MspInit
                0x000000000800a078       0xa8 USB_DEVICE/Target/usbd_conf.o
                0x000000000800a078                HAL_PCD_MspInit
 .text.HAL_PCD_SetupStageCallback
                0x000000000800a120       0x24 USB_DEVICE/Target/usbd_conf.o
                0x000000000800a120                HAL_PCD_SetupStageCallback
 .text.HAL_PCD_DataOutStageCallback
                0x000000000800a144       0x36 USB_DEVICE/Target/usbd_conf.o
                0x000000000800a144                HAL_PCD_DataOutStageCallback
 .text.HAL_PCD_DataInStageCallback
                0x000000000800a17a       0x34 USB_DEVICE/Target/usbd_conf.o
                0x000000000800a17a                HAL_PCD_DataInStageCallback
 .text.HAL_PCD_SOFCallback
                0x000000000800a1ae       0x1c USB_DEVICE/Target/usbd_conf.o
                0x000000000800a1ae                HAL_PCD_SOFCallback
 .text.HAL_PCD_ResetCallback
                0x000000000800a1ca       0x50 USB_DEVICE/Target/usbd_conf.o
                0x000000000800a1ca                HAL_PCD_ResetCallback
 *fill*         0x000000000800a21a        0x2 
 .text.HAL_PCD_SuspendCallback
                0x000000000800a21c       0x4c USB_DEVICE/Target/usbd_conf.o
                0x000000000800a21c                HAL_PCD_SuspendCallback
 .text.HAL_PCD_ResumeCallback
                0x000000000800a268       0x1c USB_DEVICE/Target/usbd_conf.o
                0x000000000800a268                HAL_PCD_ResumeCallback
 .text.HAL_PCD_ISOOUTIncompleteCallback
                0x000000000800a284       0x24 USB_DEVICE/Target/usbd_conf.o
                0x000000000800a284                HAL_PCD_ISOOUTIncompleteCallback
 .text.HAL_PCD_ISOINIncompleteCallback
                0x000000000800a2a8       0x24 USB_DEVICE/Target/usbd_conf.o
                0x000000000800a2a8                HAL_PCD_ISOINIncompleteCallback
 .text.HAL_PCD_ConnectCallback
                0x000000000800a2cc       0x1c USB_DEVICE/Target/usbd_conf.o
                0x000000000800a2cc                HAL_PCD_ConnectCallback
 .text.HAL_PCD_DisconnectCallback
                0x000000000800a2e8       0x1c USB_DEVICE/Target/usbd_conf.o
                0x000000000800a2e8                HAL_PCD_DisconnectCallback
 .text.USBD_LL_Init
                0x000000000800a304       0x98 USB_DEVICE/Target/usbd_conf.o
                0x000000000800a304                USBD_LL_Init
 .text.USBD_LL_Start
                0x000000000800a39c       0x36 USB_DEVICE/Target/usbd_conf.o
                0x000000000800a39c                USBD_LL_Start
 .text.USBD_LL_OpenEP
                0x000000000800a3d2       0x4c USB_DEVICE/Target/usbd_conf.o
                0x000000000800a3d2                USBD_LL_OpenEP
 .text.USBD_LL_CloseEP
                0x000000000800a41e       0x3e USB_DEVICE/Target/usbd_conf.o
                0x000000000800a41e                USBD_LL_CloseEP
 .text.USBD_LL_StallEP
                0x000000000800a45c       0x3e USB_DEVICE/Target/usbd_conf.o
                0x000000000800a45c                USBD_LL_StallEP
 .text.USBD_LL_ClearStallEP
                0x000000000800a49a       0x3e USB_DEVICE/Target/usbd_conf.o
                0x000000000800a49a                USBD_LL_ClearStallEP
 .text.USBD_LL_IsStallEP
                0x000000000800a4d8       0x58 USB_DEVICE/Target/usbd_conf.o
                0x000000000800a4d8                USBD_LL_IsStallEP
 .text.USBD_LL_SetUSBAddress
                0x000000000800a530       0x3e USB_DEVICE/Target/usbd_conf.o
                0x000000000800a530                USBD_LL_SetUSBAddress
 .text.USBD_LL_Transmit
                0x000000000800a56e       0x42 USB_DEVICE/Target/usbd_conf.o
                0x000000000800a56e                USBD_LL_Transmit
 .text.USBD_LL_PrepareReceive
                0x000000000800a5b0       0x42 USB_DEVICE/Target/usbd_conf.o
                0x000000000800a5b0                USBD_LL_PrepareReceive
 .text.USBD_LL_GetRxDataSize
                0x000000000800a5f2       0x26 USB_DEVICE/Target/usbd_conf.o
                0x000000000800a5f2                USBD_LL_GetRxDataSize
 .text.USBD_static_malloc
                0x000000000800a618       0x1c USB_DEVICE/Target/usbd_conf.o
                0x000000000800a618                USBD_static_malloc
 .text.USBD_static_free
                0x000000000800a634       0x14 USB_DEVICE/Target/usbd_conf.o
                0x000000000800a634                USBD_static_free
 .text.USBD_Get_USB_Status
                0x000000000800a648       0x58 USB_DEVICE/Target/usbd_conf.o
                0x000000000800a648                USBD_Get_USB_Status
 .text.__libc_init_array
                0x000000000800a6a0       0x48 d:/st/stm32cubeide_1.0.1/stm32cubeide/plugins/com.st.stm32cube.ide.mcu.externaltools.gnu-tools-for-stm32.9-2020-q2-update.win32_1.5.0.202011040924/tools/bin/../lib/gcc/arm-none-eabi/9.3.1/../../../../arm-none-eabi/lib/thumb/v7e-m+fp/hard\libc_nano.a(lib_a-init.o)
                0x000000000800a6a0                __libc_init_array
 .text.memset   0x000000000800a6e8       0x10 d:/st/stm32cubeide_1.0.1/stm32cubeide/plugins/com.st.stm32cube.ide.mcu.externaltools.gnu-tools-for-stm32.9-2020-q2-update.win32_1.5.0.202011040924/tools/bin/../lib/gcc/arm-none-eabi/9.3.1/../../../../arm-none-eabi/lib/thumb/v7e-m+fp/hard\libc_nano.a(lib_a-memset.o)
                0x000000000800a6e8                memset
 *(.glue_7)
 .glue_7        0x000000000800a6f8        0x0 linker stubs
 *(.glue_7t)
 .glue_7t       0x000000000800a6f8        0x0 linker stubs
 *(.eh_frame)
 .eh_frame      0x000000000800a6f8        0x0 d:/st/stm32cubeide_1.0.1/stm32cubeide/plugins/com.st.stm32cube.ide.mcu.externaltools.gnu-tools-for-stm32.9-2020-q2-update.win32_1.5.0.202011040924/tools/bin/../lib/gcc/arm-none-eabi/9.3.1/thumb/v7e-m+fp/hard/crtbegin.o
 *(.init)
 .init          0x000000000800a6f8        0x4 d:/st/stm32cubeide_1.0.1/stm32cubeide/plugins/com.st.stm32cube.ide.mcu.externaltools.gnu-tools-for-stm32.9-2020-q2-update.win32_1.5.0.202011040924/tools/bin/../lib/gcc/arm-none-eabi/9.3.1/thumb/v7e-m+fp/hard/crti.o
                0x000000000800a6f8                _init
 .init          0x000000000800a6fc        0x8 d:/st/stm32cubeide_1.0.1/stm32cubeide/plugins/com.st.stm32cube.ide.mcu.externaltools.gnu-tools-for-stm32.9-2020-q2-update.win32_1.5.0.202011040924/tools/bin/../lib/gcc/arm-none-eabi/9.3.1/thumb/v7e-m+fp/hard/crtn.o
 *(.fini)
 .fini          0x000000000800a704        0x4 d:/st/stm32cubeide_1.0.1/stm32cubeide/plugins/com.st.stm32cube.ide.mcu.externaltools.gnu-tools-for-stm32.9-2020-q2-update.win32_1.5.0.202011040924/tools/bin/../lib/gcc/arm-none-eabi/9.3.1/thumb/v7e-m+fp/hard/crti.o
                0x000000000800a704                _fini
 .fini          0x000000000800a708        0x8 d:/st/stm32cubeide_1.0.1/stm32cubeide/plugins/com.st.stm32cube.ide.mcu.externaltools.gnu-tools-for-stm32.9-2020-q2-update.win32_1.5.0.202011040924/tools/bin/../lib/gcc/arm-none-eabi/9.3.1/thumb/v7e-m+fp/hard/crtn.o
                0x000000000800a710                . = ALIGN (0x4)
                0x000000000800a710                _etext = .

.vfp11_veneer   0x000000000800a710        0x0
 .vfp11_veneer  0x000000000800a710        0x0 linker stubs

.v4_bx          0x000000000800a710        0x0
 .v4_bx         0x000000000800a710        0x0 linker stubs

.iplt           0x000000000800a710        0x0
 .iplt          0x000000000800a710        0x0 d:/st/stm32cubeide_1.0.1/stm32cubeide/plugins/com.st.stm32cube.ide.mcu.externaltools.gnu-tools-for-stm32.9-2020-q2-update.win32_1.5.0.202011040924/tools/bin/../lib/gcc/arm-none-eabi/9.3.1/thumb/v7e-m+fp/hard/crtbegin.o

.rodata         0x000000000800a710     0x1448
                0x000000000800a710                . = ALIGN (0x4)
 *(.rodata)
 .rodata        0x000000000800a710       0x46 USB_DEVICE/App/usbd_desc.o
 *(.rodata*)
 *fill*         0x000000000800a756        0x2 
 .rodata.ov5640_init_reg_tbl
                0x000000000800a758      0x33c Core/Src/ov5640.o
                0x000000000800a758                ov5640_init_reg_tbl
 .rodata.ov5640_rgb565_reg_tbl
                0x000000000800aa94       0xb4 Core/Src/ov5640.o
                0x000000000800aa94                ov5640_rgb565_reg_tbl
 .rodata.OV5640_AF_Config
                0x000000000800ab48      0xfed Core/Src/ov5640.o
                0x000000000800ab48                OV5640_AF_Config
 *fill*         0x000000000800bb35        0x3 
 .rodata.AHBPrescTable
                0x000000000800bb38       0x10 Core/Src/system_stm32f4xx.o
                0x000000000800bb38                AHBPrescTable
 .rodata.APBPrescTable
                0x000000000800bb48        0x8 Core/Src/system_stm32f4xx.o
                0x000000000800bb48                APBPrescTable
 .rodata.flagBitshiftOffset.8228
                0x000000000800bb50        0x8 Drivers/STM32F4xx_HAL_Driver/Src/stm32f4xx_hal_dma.o
                0x000000000800bb58                . = ALIGN (0x4)

.ARM.extab      0x000000000800bb58        0x0
                0x000000000800bb58                . = ALIGN (0x4)
 *(.ARM.extab* .gnu.linkonce.armextab.*)
                0x000000000800bb58                . = ALIGN (0x4)

.ARM            0x000000000800bb58        0x8
                0x000000000800bb58                . = ALIGN (0x4)
                0x000000000800bb58                __exidx_start = .
 *(.ARM.exidx*)
 .ARM.exidx     0x000000000800bb58        0x8 d:/st/stm32cubeide_1.0.1/stm32cubeide/plugins/com.st.stm32cube.ide.mcu.externaltools.gnu-tools-for-stm32.9-2020-q2-update.win32_1.5.0.202011040924/tools/bin/../lib/gcc/arm-none-eabi/9.3.1/thumb/v7e-m+fp/hard\libgcc.a(_udivmoddi4.o)
                0x000000000800bb60                __exidx_end = .
                0x000000000800bb60                . = ALIGN (0x4)

.rel.dyn        0x000000000800bb60        0x0
 .rel.iplt      0x000000000800bb60        0x0 d:/st/stm32cubeide_1.0.1/stm32cubeide/plugins/com.st.stm32cube.ide.mcu.externaltools.gnu-tools-for-stm32.9-2020-q2-update.win32_1.5.0.202011040924/tools/bin/../lib/gcc/arm-none-eabi/9.3.1/thumb/v7e-m+fp/hard/crtbegin.o

.preinit_array  0x000000000800bb60        0x0
                0x000000000800bb60                . = ALIGN (0x4)
                0x000000000800bb60                PROVIDE (__preinit_array_start = .)
 *(.preinit_array*)
                0x000000000800bb60                PROVIDE (__preinit_array_end = .)
                0x000000000800bb60                . = ALIGN (0x4)

.init_array     0x000000000800bb60        0x4
                0x000000000800bb60                . = ALIGN (0x4)
                0x000000000800bb60                PROVIDE (__init_array_start = .)
 *(SORT_BY_NAME(.init_array.*))
 *(.init_array*)
 .init_array    0x000000000800bb60        0x4 d:/st/stm32cubeide_1.0.1/stm32cubeide/plugins/com.st.stm32cube.ide.mcu.externaltools.gnu-tools-for-stm32.9-2020-q2-update.win32_1.5.0.202011040924/tools/bin/../lib/gcc/arm-none-eabi/9.3.1/thumb/v7e-m+fp/hard/crtbegin.o
                0x000000000800bb64                PROVIDE (__init_array_end = .)
                0x000000000800bb64                . = ALIGN (0x4)

.fini_array     0x000000000800bb64        0x4
                0x000000000800bb64                . = ALIGN (0x4)
                [!provide]                        PROVIDE (__fini_array_start = .)
 *(SORT_BY_NAME(.fini_array.*))
 *(.fini_array*)
 .fini_array    0x000000000800bb64        0x4 d:/st/stm32cubeide_1.0.1/stm32cubeide/plugins/com.st.stm32cube.ide.mcu.externaltools.gnu-tools-for-stm32.9-2020-q2-update.win32_1.5.0.202011040924/tools/bin/../lib/gcc/arm-none-eabi/9.3.1/thumb/v7e-m+fp/hard/crtbegin.o
                [!provide]                        PROVIDE (__fini_array_end = .)
                0x000000000800bb68                . = ALIGN (0x4)
                0x000000000800bb68                _sidata = LOADADDR (.data)

.data           0x0000000020000000      0x184 load address 0x000000000800bb68
                0x0000000020000000                . = ALIGN (0x4)
                0x0000000020000000                _sdata = .
 *(.data)
 *(.data*)
 .data.ov5640_reg1
                0x0000000020000000        0x1 Core/Src/main.o
                0x0000000020000000                ov5640_reg1
 .data.ov5640_reg2
                0x0000000020000001        0x1 Core/Src/main.o
                0x0000000020000001                ov5640_reg2
 *fill*         0x0000000020000002        0x2 
 .data.SystemCoreClock
                0x0000000020000004        0x4 Core/Src/system_stm32f4xx.o
                0x0000000020000004                SystemCoreClock
 .data.uwTickPrio
                0x0000000020000008        0x4 Drivers/STM32F4xx_HAL_Driver/Src/stm32f4xx_hal.o
                0x0000000020000008                uwTickPrio
 .data.uwTickFreq
                0x000000002000000c        0x1 Drivers/STM32F4xx_HAL_Driver/Src/stm32f4xx_hal.o
                0x000000002000000c                uwTickFreq
 *fill*         0x000000002000000d        0x3 
 .data.USBD_CDC_DeviceQualifierDesc
                0x0000000020000010        0xa Middlewares/ST/STM32_USB_Device_Library/Class/CDC/Src/usbd_cdc.o
 *fill*         0x000000002000001a        0x2 
 .data.USBD_CDC
                0x000000002000001c       0x38 Middlewares/ST/STM32_USB_Device_Library/Class/CDC/Src/usbd_cdc.o
                0x000000002000001c                USBD_CDC
 .data.USBD_CDC_CfgHSDesc
                0x0000000020000054       0x43 Middlewares/ST/STM32_USB_Device_Library/Class/CDC/Src/usbd_cdc.o
 *fill*         0x0000000020000097        0x1 
 .data.USBD_CDC_CfgFSDesc
                0x0000000020000098       0x43 Middlewares/ST/STM32_USB_Device_Library/Class/CDC/Src/usbd_cdc.o
 *fill*         0x00000000200000db        0x1 
 .data.USBD_CDC_OtherSpeedCfgDesc
                0x00000000200000dc       0x43 Middlewares/ST/STM32_USB_Device_Library/Class/CDC/Src/usbd_cdc.o
 *fill*         0x000000002000011f        0x1 
 .data.USBD_Interface_fops_FS
                0x0000000020000120       0x14 USB_DEVICE/App/usbd_cdc_if.o
                0x0000000020000120                USBD_Interface_fops_FS
 .data.FS_Desc  0x0000000020000134       0x1c USB_DEVICE/App/usbd_desc.o
                0x0000000020000134                FS_Desc
 .data.USBD_FS_DeviceDesc
                0x0000000020000150       0x12 USB_DEVICE/App/usbd_desc.o
                0x0000000020000150                USBD_FS_DeviceDesc
 *fill*         0x0000000020000162        0x2 
 .data.USBD_LangIDDesc
                0x0000000020000164        0x4 USB_DEVICE/App/usbd_desc.o
                0x0000000020000164                USBD_LangIDDesc
 .data.USBD_StringSerial
                0x0000000020000168       0x1a USB_DEVICE/App/usbd_desc.o
                0x0000000020000168                USBD_StringSerial
                0x0000000020000184                . = ALIGN (0x4)
 *fill*         0x0000000020000182        0x2 
                0x0000000020000184                _edata = .

.igot.plt       0x0000000020000184        0x0 load address 0x000000000800bcec
 .igot.plt      0x0000000020000184        0x0 d:/st/stm32cubeide_1.0.1/stm32cubeide/plugins/com.st.stm32cube.ide.mcu.externaltools.gnu-tools-for-stm32.9-2020-q2-update.win32_1.5.0.202011040924/tools/bin/../lib/gcc/arm-none-eabi/9.3.1/thumb/v7e-m+fp/hard/crtbegin.o
                0x0000000020000184                . = ALIGN (0x4)

.bss            0x0000000020000184    0x116dc load address 0x000000000800bcec
                0x0000000020000184                _sbss = .
                0x0000000020000184                __bss_start__ = _sbss
 *(.bss)
 .bss           0x0000000020000184       0x1c d:/st/stm32cubeide_1.0.1/stm32cubeide/plugins/com.st.stm32cube.ide.mcu.externaltools.gnu-tools-for-stm32.9-2020-q2-update.win32_1.5.0.202011040924/tools/bin/../lib/gcc/arm-none-eabi/9.3.1/thumb/v7e-m+fp/hard/crtbegin.o
 *(.bss*)
 .bss.aRxBuffer
                0x00000000200001a0        0x1 Core/Src/main.o
                0x00000000200001a0                aRxBuffer
 *fill*         0x00000000200001a1        0x3 
 .bss.TxBuff    0x00000000200001a4       0x63 Core/Src/main.o
                0x00000000200001a4                TxBuff
 .bss.dcmi_dma_status
                0x0000000020000207        0x1 Core/Src/main.o
                0x0000000020000207                dcmi_dma_status
 .bss.DCMI_RN   0x0000000020000208        0x4 Core/Src/main.o
                0x0000000020000208                DCMI_RN
 .bss.DCMI_CN   0x000000002000020c        0x4 Core/Src/main.o
                0x000000002000020c                DCMI_CN
 .bss.DCMI_RS   0x0000000020000210        0x4 Core/Src/main.o
                0x0000000020000210                DCMI_RS
 .bss.DCMI_CS   0x0000000020000214        0x4 Core/Src/main.o
                0x0000000020000214                DCMI_CS
 .bss.scmd      0x0000000020000218        0x1 Core/Src/main.o
                0x0000000020000218                scmd
 .bss.tx_busy   0x0000000020000219        0x1 Core/Src/main.o
                0x0000000020000219                tx_busy
 .bss.cfgidx.10664
                0x000000002000021a        0x1 Middlewares/ST/STM32_USB_Device_Library/Core/Src/usbd_ctlreq.o
 *fill*         0x000000002000021b        0x1 
 .bss.mem.10733
                0x000000002000021c      0x220 USB_DEVICE/Target/usbd_conf.o
 *(COMMON)
 COMMON         0x000000002000043c     0xfb48 Core/Src/main.o
                0x000000002000043c                hdma_dcmi
                0x000000002000049c                hdma_usart1_tx
                0x00000000200004fc                hdcmi
                0x000000002000053c                huart1
                0x0000000020000580                dcmi_data_buff
                0x000000002000ff80                tickdelay
 COMMON         0x000000002000ff84        0x4 Drivers/STM32F4xx_HAL_Driver/Src/stm32f4xx_hal.o
                0x000000002000ff84                uwTick
 COMMON         0x000000002000ff88      0x2d0 USB_DEVICE/App/usb_device.o
                0x000000002000ff88                hUsbDeviceFS
 COMMON         0x0000000020010258     0x1000 USB_DEVICE/App/usbd_cdc_if.o
                0x0000000020010258                UserRxBufferFS
                0x0000000020010a58                UserTxBufferFS
 COMMON         0x0000000020011258      0x200 USB_DEVICE/App/usbd_desc.o
                0x0000000020011258                USBD_StrDesc
 COMMON         0x0000000020011458      0x408 USB_DEVICE/Target/usbd_conf.o
                0x0000000020011458                hpcd_USB_OTG_FS
                0x0000000020011860                . = ALIGN (0x4)
                0x0000000020011860                _ebss = .
                0x0000000020011860                __bss_end__ = _ebss

._user_heap_stack
                0x0000000020011860     0x4000 load address 0x000000000800bcec
                0x0000000020011860                . = ALIGN (0x8)
                [!provide]                        PROVIDE (end = .)
                0x0000000020011860                PROVIDE (_end = .)
                0x0000000020013860                . = (. + _Min_Heap_Size)
 *fill*         0x0000000020011860     0x2000 
                0x0000000020015860                . = (. + _Min_Stack_Size)
 *fill*         0x0000000020013860     0x2000 
                0x0000000020015860                . = ALIGN (0x8)

/DISCARD/
 libc.a(*)
 libm.a(*)
 libgcc.a(*)

.ARM.attributes
                0x0000000000000000       0x30
 *(.ARM.attributes)
 .ARM.attributes
                0x0000000000000000       0x1e d:/st/stm32cubeide_1.0.1/stm32cubeide/plugins/com.st.stm32cube.ide.mcu.externaltools.gnu-tools-for-stm32.9-2020-q2-update.win32_1.5.0.202011040924/tools/bin/../lib/gcc/arm-none-eabi/9.3.1/thumb/v7e-m+fp/hard/crti.o
 .ARM.attributes
                0x000000000000001e       0x34 d:/st/stm32cubeide_1.0.1/stm32cubeide/plugins/com.st.stm32cube.ide.mcu.externaltools.gnu-tools-for-stm32.9-2020-q2-update.win32_1.5.0.202011040924/tools/bin/../lib/gcc/arm-none-eabi/9.3.1/thumb/v7e-m+fp/hard/crtbegin.o
 .ARM.attributes
                0x0000000000000052       0x34 Core/Src/main.o
 .ARM.attributes
                0x0000000000000086       0x34 Core/Src/ov5640.o
 .ARM.attributes
                0x00000000000000ba       0x34 Core/Src/stm32f4xx_hal_msp.o
 .ARM.attributes
                0x00000000000000ee       0x34 Core/Src/stm32f4xx_it.o
 .ARM.attributes
                0x0000000000000122       0x34 Core/Src/system_stm32f4xx.o
 .ARM.attributes
                0x0000000000000156       0x21 Core/Startup/startup_stm32f407vetx.o
 .ARM.attributes
                0x0000000000000177       0x34 Drivers/STM32F4xx_HAL_Driver/Src/stm32f4xx_hal.o
 .ARM.attributes
                0x00000000000001ab       0x34 Drivers/STM32F4xx_HAL_Driver/Src/stm32f4xx_hal_cortex.o
 .ARM.attributes
                0x00000000000001df       0x34 Drivers/STM32F4xx_HAL_Driver/Src/stm32f4xx_hal_dcmi.o
 .ARM.attributes
                0x0000000000000213       0x34 Drivers/STM32F4xx_HAL_Driver/Src/stm32f4xx_hal_dcmi_ex.o
 .ARM.attributes
                0x0000000000000247       0x34 Drivers/STM32F4xx_HAL_Driver/Src/stm32f4xx_hal_dma.o
 .ARM.attributes
                0x000000000000027b       0x34 Drivers/STM32F4xx_HAL_Driver/Src/stm32f4xx_hal_dma_ex.o
 .ARM.attributes
                0x00000000000002af       0x34 Drivers/STM32F4xx_HAL_Driver/Src/stm32f4xx_hal_gpio.o
 .ARM.attributes
                0x00000000000002e3       0x34 Drivers/STM32F4xx_HAL_Driver/Src/stm32f4xx_hal_pcd.o
 .ARM.attributes
                0x0000000000000317       0x34 Drivers/STM32F4xx_HAL_Driver/Src/stm32f4xx_hal_pcd_ex.o
 .ARM.attributes
                0x000000000000034b       0x34 Drivers/STM32F4xx_HAL_Driver/Src/stm32f4xx_hal_rcc.o
 .ARM.attributes
                0x000000000000037f       0x34 Drivers/STM32F4xx_HAL_Driver/Src/stm32f4xx_hal_uart.o
 .ARM.attributes
                0x00000000000003b3       0x34 Drivers/STM32F4xx_HAL_Driver/Src/stm32f4xx_ll_usb.o
 .ARM.attributes
                0x00000000000003e7       0x34 Middlewares/ST/STM32_USB_Device_Library/Class/CDC/Src/usbd_cdc.o
 .ARM.attributes
                0x000000000000041b       0x34 Middlewares/ST/STM32_USB_Device_Library/Core/Src/usbd_core.o
 .ARM.attributes
                0x000000000000044f       0x34 Middlewares/ST/STM32_USB_Device_Library/Core/Src/usbd_ctlreq.o
 .ARM.attributes
                0x0000000000000483       0x34 Middlewares/ST/STM32_USB_Device_Library/Core/Src/usbd_ioreq.o
 .ARM.attributes
                0x00000000000004b7       0x34 USB_DEVICE/App/usb_device.o
 .ARM.attributes
                0x00000000000004eb       0x34 USB_DEVICE/App/usbd_cdc_if.o
 .ARM.attributes
                0x000000000000051f       0x34 USB_DEVICE/App/usbd_desc.o
 .ARM.attributes
                0x0000000000000553       0x34 USB_DEVICE/Target/usbd_conf.o
 .ARM.attributes
                0x0000000000000587       0x34 d:/st/stm32cubeide_1.0.1/stm32cubeide/plugins/com.st.stm32cube.ide.mcu.externaltools.gnu-tools-for-stm32.9-2020-q2-update.win32_1.5.0.202011040924/tools/bin/../lib/gcc/arm-none-eabi/9.3.1/../../../../arm-none-eabi/lib/thumb/v7e-m+fp/hard\libc_nano.a(lib_a-init.o)
 .ARM.attributes
                0x00000000000005bb       0x34 d:/st/stm32cubeide_1.0.1/stm32cubeide/plugins/com.st.stm32cube.ide.mcu.externaltools.gnu-tools-for-stm32.9-2020-q2-update.win32_1.5.0.202011040924/tools/bin/../lib/gcc/arm-none-eabi/9.3.1/../../../../arm-none-eabi/lib/thumb/v7e-m+fp/hard\libc_nano.a(lib_a-memset.o)
 .ARM.attributes
                0x00000000000005ef       0x1e d:/st/stm32cubeide_1.0.1/stm32cubeide/plugins/com.st.stm32cube.ide.mcu.externaltools.gnu-tools-for-stm32.9-2020-q2-update.win32_1.5.0.202011040924/tools/bin/../lib/gcc/arm-none-eabi/9.3.1/thumb/v7e-m+fp/hard\libgcc.a(_aeabi_uldivmod.o)
 .ARM.attributes
                0x000000000000060d       0x34 d:/st/stm32cubeide_1.0.1/stm32cubeide/plugins/com.st.stm32cube.ide.mcu.externaltools.gnu-tools-for-stm32.9-2020-q2-update.win32_1.5.0.202011040924/tools/bin/../lib/gcc/arm-none-eabi/9.3.1/thumb/v7e-m+fp/hard\libgcc.a(_udivmoddi4.o)
 .ARM.attributes
                0x0000000000000641       0x1e d:/st/stm32cubeide_1.0.1/stm32cubeide/plugins/com.st.stm32cube.ide.mcu.externaltools.gnu-tools-for-stm32.9-2020-q2-update.win32_1.5.0.202011040924/tools/bin/../lib/gcc/arm-none-eabi/9.3.1/thumb/v7e-m+fp/hard\libgcc.a(_dvmd_tls.o)
 .ARM.attributes
                0x000000000000065f       0x1e d:/st/stm32cubeide_1.0.1/stm32cubeide/plugins/com.st.stm32cube.ide.mcu.externaltools.gnu-tools-for-stm32.9-2020-q2-update.win32_1.5.0.202011040924/tools/bin/../lib/gcc/arm-none-eabi/9.3.1/thumb/v7e-m+fp/hard/crtn.o
OUTPUT(STM32F407VET6_OV5640_Barcode_Common.elf elf32-littlearm)
LOAD linker stubs
LOAD d:/st/stm32cubeide_1.0.1/stm32cubeide/plugins/com.st.stm32cube.ide.mcu.externaltools.gnu-tools-for-stm32.9-2020-q2-update.win32_1.5.0.202011040924/tools/bin/../lib/gcc/arm-none-eabi/9.3.1/../../../../arm-none-eabi/lib/thumb/v7e-m+fp/hard\libc.a
LOAD d:/st/stm32cubeide_1.0.1/stm32cubeide/plugins/com.st.stm32cube.ide.mcu.externaltools.gnu-tools-for-stm32.9-2020-q2-update.win32_1.5.0.202011040924/tools/bin/../lib/gcc/arm-none-eabi/9.3.1/../../../../arm-none-eabi/lib/thumb/v7e-m+fp/hard\libm.a
LOAD d:/st/stm32cubeide_1.0.1/stm32cubeide/plugins/com.st.stm32cube.ide.mcu.externaltools.gnu-tools-for-stm32.9-2020-q2-update.win32_1.5.0.202011040924/tools/bin/../lib/gcc/arm-none-eabi/9.3.1/thumb/v7e-m+fp/hard\libgcc.a

.debug_info     0x0000000000000000    0x19af5
 .debug_info    0x0000000000000000     0x1c3c Core/Src/main.o
 .debug_info    0x0000000000001c3c      0xb08 Core/Src/ov5640.o
 .debug_info    0x0000000000002744     0x1892 Core/Src/stm32f4xx_hal_msp.o
 .debug_info    0x0000000000003fd6     0x171e Core/Src/stm32f4xx_it.o
 .debug_info    0x00000000000056f4      0x5a4 Core/Src/system_stm32f4xx.o
 .debug_info    0x0000000000005c98       0x22 Core/Startup/startup_stm32f407vetx.o
 .debug_info    0x0000000000005cba      0x9b2 Drivers/STM32F4xx_HAL_Driver/Src/stm32f4xx_hal.o
 .debug_info    0x000000000000666c      0xed7 Drivers/STM32F4xx_HAL_Driver/Src/stm32f4xx_hal_cortex.o
 .debug_info    0x0000000000007543      0xb7e Drivers/STM32F4xx_HAL_Driver/Src/stm32f4xx_hal_dcmi.o
 .debug_info    0x00000000000080c1      0x6bd Drivers/STM32F4xx_HAL_Driver/Src/stm32f4xx_hal_dcmi_ex.o
 .debug_info    0x000000000000877e      0x9f1 Drivers/STM32F4xx_HAL_Driver/Src/stm32f4xx_hal_dma.o
 .debug_info    0x000000000000916f      0x62d Drivers/STM32F4xx_HAL_Driver/Src/stm32f4xx_hal_dma_ex.o
 .debug_info    0x000000000000979c      0x83e Drivers/STM32F4xx_HAL_Driver/Src/stm32f4xx_hal_gpio.o
 .debug_info    0x0000000000009fda     0x12dd Drivers/STM32F4xx_HAL_Driver/Src/stm32f4xx_hal_pcd.o
 .debug_info    0x000000000000b2b7      0x7c3 Drivers/STM32F4xx_HAL_Driver/Src/stm32f4xx_hal_pcd_ex.o
 .debug_info    0x000000000000ba7a      0x996 Drivers/STM32F4xx_HAL_Driver/Src/stm32f4xx_hal_rcc.o
 .debug_info    0x000000000000c410     0x1665 Drivers/STM32F4xx_HAL_Driver/Src/stm32f4xx_hal_uart.o
 .debug_info    0x000000000000da75     0x1a8c Drivers/STM32F4xx_HAL_Driver/Src/stm32f4xx_ll_usb.o
 .debug_info    0x000000000000f501     0x19c6 Middlewares/ST/STM32_USB_Device_Library/Class/CDC/Src/usbd_cdc.o
 .debug_info    0x0000000000010ec7     0x13e2 Middlewares/ST/STM32_USB_Device_Library/Core/Src/usbd_core.o
 .debug_info    0x00000000000122a9     0x13ae Middlewares/ST/STM32_USB_Device_Library/Core/Src/usbd_ctlreq.o
 .debug_info    0x0000000000013657     0x10d0 Middlewares/ST/STM32_USB_Device_Library/Core/Src/usbd_ioreq.o
 .debug_info    0x0000000000014727     0x1039 USB_DEVICE/App/usb_device.o
 .debug_info    0x0000000000015760     0x1284 USB_DEVICE/App/usbd_cdc_if.o
 .debug_info    0x00000000000169e4      0xe35 USB_DEVICE/App/usbd_desc.o
 .debug_info    0x0000000000017819     0x22dc USB_DEVICE/Target/usbd_conf.o

.debug_abbrev   0x0000000000000000     0x3d61
 .debug_abbrev  0x0000000000000000      0x32e Core/Src/main.o
 .debug_abbrev  0x000000000000032e      0x277 Core/Src/ov5640.o
 .debug_abbrev  0x00000000000005a5      0x263 Core/Src/stm32f4xx_hal_msp.o
 .debug_abbrev  0x0000000000000808      0x247 Core/Src/stm32f4xx_it.o
 .debug_abbrev  0x0000000000000a4f      0x145 Core/Src/system_stm32f4xx.o
 .debug_abbrev  0x0000000000000b94       0x12 Core/Startup/startup_stm32f407vetx.o
 .debug_abbrev  0x0000000000000ba6      0x1ed Drivers/STM32F4xx_HAL_Driver/Src/stm32f4xx_hal.o
 .debug_abbrev  0x0000000000000d93      0x33c Drivers/STM32F4xx_HAL_Driver/Src/stm32f4xx_hal_cortex.o
 .debug_abbrev  0x00000000000010cf      0x22e Drivers/STM32F4xx_HAL_Driver/Src/stm32f4xx_hal_dcmi.o
 .debug_abbrev  0x00000000000012fd      0x15e Drivers/STM32F4xx_HAL_Driver/Src/stm32f4xx_hal_dcmi_ex.o
 .debug_abbrev  0x000000000000145b      0x259 Drivers/STM32F4xx_HAL_Driver/Src/stm32f4xx_hal_dma.o
 .debug_abbrev  0x00000000000016b4      0x1d4 Drivers/STM32F4xx_HAL_Driver/Src/stm32f4xx_hal_dma_ex.o
 .debug_abbrev  0x0000000000001888      0x1f1 Drivers/STM32F4xx_HAL_Driver/Src/stm32f4xx_hal_gpio.o
 .debug_abbrev  0x0000000000001a79      0x2a0 Drivers/STM32F4xx_HAL_Driver/Src/stm32f4xx_hal_pcd.o
 .debug_abbrev  0x0000000000001d19      0x1fb Drivers/STM32F4xx_HAL_Driver/Src/stm32f4xx_hal_pcd_ex.o
 .debug_abbrev  0x0000000000001f14      0x275 Drivers/STM32F4xx_HAL_Driver/Src/stm32f4xx_hal_rcc.o
 .debug_abbrev  0x0000000000002189      0x28b Drivers/STM32F4xx_HAL_Driver/Src/stm32f4xx_hal_uart.o
 .debug_abbrev  0x0000000000002414      0x2a7 Drivers/STM32F4xx_HAL_Driver/Src/stm32f4xx_ll_usb.o
 .debug_abbrev  0x00000000000026bb      0x31a Middlewares/ST/STM32_USB_Device_Library/Class/CDC/Src/usbd_cdc.o
 .debug_abbrev  0x00000000000029d5      0x2d5 Middlewares/ST/STM32_USB_Device_Library/Core/Src/usbd_core.o
 .debug_abbrev  0x0000000000002caa      0x31a Middlewares/ST/STM32_USB_Device_Library/Core/Src/usbd_ctlreq.o
 .debug_abbrev  0x0000000000002fc4      0x248 Middlewares/ST/STM32_USB_Device_Library/Core/Src/usbd_ioreq.o
 .debug_abbrev  0x000000000000320c      0x222 USB_DEVICE/App/usb_device.o
 .debug_abbrev  0x000000000000342e      0x32a USB_DEVICE/App/usbd_cdc_if.o
 .debug_abbrev  0x0000000000003758      0x2c8 USB_DEVICE/App/usbd_desc.o
 .debug_abbrev  0x0000000000003a20      0x341 USB_DEVICE/Target/usbd_conf.o

.debug_aranges  0x0000000000000000     0x1008
 .debug_aranges
                0x0000000000000000       0x78 Core/Src/main.o
 .debug_aranges
                0x0000000000000078       0xe0 Core/Src/ov5640.o
 .debug_aranges
                0x0000000000000158       0x40 Core/Src/stm32f4xx_hal_msp.o
 .debug_aranges
                0x0000000000000198       0x88 Core/Src/stm32f4xx_it.o
 .debug_aranges
                0x0000000000000220       0x28 Core/Src/system_stm32f4xx.o
 .debug_aranges
                0x0000000000000248       0x28 Core/Startup/startup_stm32f407vetx.o
 .debug_aranges
                0x0000000000000270       0xf0 Drivers/STM32F4xx_HAL_Driver/Src/stm32f4xx_hal.o
 .debug_aranges
                0x0000000000000360      0x118 Drivers/STM32F4xx_HAL_Driver/Src/stm32f4xx_hal_cortex.o
 .debug_aranges
                0x0000000000000478       0xc0 Drivers/STM32F4xx_HAL_Driver/Src/stm32f4xx_hal_dcmi.o
 .debug_aranges
                0x0000000000000538       0x20 Drivers/STM32F4xx_HAL_Driver/Src/stm32f4xx_hal_dcmi_ex.o
 .debug_aranges
                0x0000000000000558       0x90 Drivers/STM32F4xx_HAL_Driver/Src/stm32f4xx_hal_dma.o
 .debug_aranges
                0x00000000000005e8       0x38 Drivers/STM32F4xx_HAL_Driver/Src/stm32f4xx_hal_dma_ex.o
 .debug_aranges
                0x0000000000000620       0x58 Drivers/STM32F4xx_HAL_Driver/Src/stm32f4xx_hal_gpio.o
 .debug_aranges
                0x0000000000000678      0x138 Drivers/STM32F4xx_HAL_Driver/Src/stm32f4xx_hal_pcd.o
 .debug_aranges
                0x00000000000007b0       0x38 Drivers/STM32F4xx_HAL_Driver/Src/stm32f4xx_hal_pcd_ex.o
 .debug_aranges
                0x00000000000007e8       0x88 Drivers/STM32F4xx_HAL_Driver/Src/stm32f4xx_hal_rcc.o
 .debug_aranges
                0x0000000000000870      0x200 Drivers/STM32F4xx_HAL_Driver/Src/stm32f4xx_hal_uart.o
 .debug_aranges
                0x0000000000000a70      0x198 Drivers/STM32F4xx_HAL_Driver/Src/stm32f4xx_ll_usb.o
 .debug_aranges
                0x0000000000000c08       0x90 Middlewares/ST/STM32_USB_Device_Library/Class/CDC/Src/usbd_cdc.o
 .debug_aranges
                0x0000000000000c98       0xb8 Middlewares/ST/STM32_USB_Device_Library/Core/Src/usbd_core.o
 .debug_aranges
                0x0000000000000d50       0x90 Middlewares/ST/STM32_USB_Device_Library/Core/Src/usbd_ctlreq.o
 .debug_aranges
                0x0000000000000de0       0x50 Middlewares/ST/STM32_USB_Device_Library/Core/Src/usbd_ioreq.o
 .debug_aranges
                0x0000000000000e30       0x20 USB_DEVICE/App/usb_device.o
 .debug_aranges
                0x0000000000000e50       0x48 USB_DEVICE/App/usbd_cdc_if.o
 .debug_aranges
                0x0000000000000e98       0x60 USB_DEVICE/App/usbd_desc.o
 .debug_aranges
                0x0000000000000ef8      0x110 USB_DEVICE/Target/usbd_conf.o

.debug_ranges   0x0000000000000000      0xea0
 .debug_ranges  0x0000000000000000       0x68 Core/Src/main.o
 .debug_ranges  0x0000000000000068       0xd0 Core/Src/ov5640.o
 .debug_ranges  0x0000000000000138       0x30 Core/Src/stm32f4xx_hal_msp.o
 .debug_ranges  0x0000000000000168       0x78 Core/Src/stm32f4xx_it.o
 .debug_ranges  0x00000000000001e0       0x18 Core/Src/system_stm32f4xx.o
 .debug_ranges  0x00000000000001f8       0x20 Core/Startup/startup_stm32f407vetx.o
 .debug_ranges  0x0000000000000218       0xe0 Drivers/STM32F4xx_HAL_Driver/Src/stm32f4xx_hal.o
 .debug_ranges  0x00000000000002f8      0x108 Drivers/STM32F4xx_HAL_Driver/Src/stm32f4xx_hal_cortex.o
 .debug_ranges  0x0000000000000400       0xb0 Drivers/STM32F4xx_HAL_Driver/Src/stm32f4xx_hal_dcmi.o
 .debug_ranges  0x00000000000004b0       0x10 Drivers/STM32F4xx_HAL_Driver/Src/stm32f4xx_hal_dcmi_ex.o
 .debug_ranges  0x00000000000004c0       0x80 Drivers/STM32F4xx_HAL_Driver/Src/stm32f4xx_hal_dma.o
 .debug_ranges  0x0000000000000540       0x28 Drivers/STM32F4xx_HAL_Driver/Src/stm32f4xx_hal_dma_ex.o
 .debug_ranges  0x0000000000000568       0x48 Drivers/STM32F4xx_HAL_Driver/Src/stm32f4xx_hal_gpio.o
 .debug_ranges  0x00000000000005b0      0x128 Drivers/STM32F4xx_HAL_Driver/Src/stm32f4xx_hal_pcd.o
 .debug_ranges  0x00000000000006d8       0x28 Drivers/STM32F4xx_HAL_Driver/Src/stm32f4xx_hal_pcd_ex.o
 .debug_ranges  0x0000000000000700       0x78 Drivers/STM32F4xx_HAL_Driver/Src/stm32f4xx_hal_rcc.o
 .debug_ranges  0x0000000000000778      0x220 Drivers/STM32F4xx_HAL_Driver/Src/stm32f4xx_hal_uart.o
 .debug_ranges  0x0000000000000998      0x188 Drivers/STM32F4xx_HAL_Driver/Src/stm32f4xx_ll_usb.o
 .debug_ranges  0x0000000000000b20       0x80 Middlewares/ST/STM32_USB_Device_Library/Class/CDC/Src/usbd_cdc.o
 .debug_ranges  0x0000000000000ba0       0xa8 Middlewares/ST/STM32_USB_Device_Library/Core/Src/usbd_core.o
 .debug_ranges  0x0000000000000c48       0x80 Middlewares/ST/STM32_USB_Device_Library/Core/Src/usbd_ctlreq.o
 .debug_ranges  0x0000000000000cc8       0x40 Middlewares/ST/STM32_USB_Device_Library/Core/Src/usbd_ioreq.o
 .debug_ranges  0x0000000000000d08       0x10 USB_DEVICE/App/usb_device.o
 .debug_ranges  0x0000000000000d18       0x38 USB_DEVICE/App/usbd_cdc_if.o
 .debug_ranges  0x0000000000000d50       0x50 USB_DEVICE/App/usbd_desc.o
 .debug_ranges  0x0000000000000da0      0x100 USB_DEVICE/Target/usbd_conf.o

.debug_macro    0x0000000000000000    0x246d4
 .debug_macro   0x0000000000000000      0x414 Core/Src/main.o
 .debug_macro   0x0000000000000414      0xaa8 Core/Src/main.o
 .debug_macro   0x0000000000000ebc      0x2a1 Core/Src/main.o
 .debug_macro   0x000000000000115d       0x2e Core/Src/main.o
 .debug_macro   0x000000000000118b       0x2f Core/Src/main.o
 .debug_macro   0x00000000000011ba       0x22 Core/Src/main.o
 .debug_macro   0x00000000000011dc       0x8e Core/Src/main.o
 .debug_macro   0x000000000000126a       0x51 Core/Src/main.o
 .debug_macro   0x00000000000012bb      0x103 Core/Src/main.o
 .debug_macro   0x00000000000013be       0x6a Core/Src/main.o
 .debug_macro   0x0000000000001428      0x1df Core/Src/main.o
 .debug_macro   0x0000000000001607       0x1c Core/Src/main.o
 .debug_macro   0x0000000000001623       0x22 Core/Src/main.o
 .debug_macro   0x0000000000001645       0xdf Core/Src/main.o
 .debug_macro   0x0000000000001724     0x102d Core/Src/main.o
 .debug_macro   0x0000000000002751      0x11f Core/Src/main.o
 .debug_macro   0x0000000000002870    0x15e3c Core/Src/main.o
 .debug_macro   0x00000000000186ac       0x43 Core/Src/main.o
 .debug_macro   0x00000000000186ef     0x3659 Core/Src/main.o
 .debug_macro   0x000000000001bd48      0x174 Core/Src/main.o
 .debug_macro   0x000000000001bebc       0x5c Core/Src/main.o
 .debug_macro   0x000000000001bf18      0x96b Core/Src/main.o
 .debug_macro   0x000000000001c883      0x9fe Core/Src/main.o
 .debug_macro   0x000000000001d281      0x117 Core/Src/main.o
 .debug_macro   0x000000000001d398      0x13e Core/Src/main.o
 .debug_macro   0x000000000001d4d6       0x82 Core/Src/main.o
 .debug_macro   0x000000000001d558      0x174 Core/Src/main.o
 .debug_macro   0x000000000001d6cc      0x287 Core/Src/main.o
 .debug_macro   0x000000000001d953       0x5f Core/Src/main.o
 .debug_macro   0x000000000001d9b2      0x236 Core/Src/main.o
 .debug_macro   0x000000000001dbe8       0x1f Core/Src/main.o
 .debug_macro   0x000000000001dc07      0x1d2 Core/Src/main.o
 .debug_macro   0x000000000001ddd9      0x12c Core/Src/main.o
 .debug_macro   0x000000000001df05      0x21e Core/Src/main.o
 .debug_macro   0x000000000001e123       0x2e Core/Src/main.o
 .debug_macro   0x000000000001e151      0x11a Core/Src/main.o
 .debug_macro   0x000000000001e26b       0x7e Core/Src/main.o
 .debug_macro   0x000000000001e2e9       0x89 Core/Src/main.o
 .debug_macro   0x000000000001e372      0x295 Core/Src/main.o
 .debug_macro   0x000000000001e607      0x21e Core/Src/main.o
 .debug_macro   0x000000000001e825       0xba Core/Src/main.o
 .debug_macro   0x000000000001e8df      0x12d Core/Src/main.o
 .debug_macro   0x000000000001ea0c       0x18 Core/Src/main.o
 .debug_macro   0x000000000001ea24       0x52 Core/Src/main.o
 .debug_macro   0x000000000001ea76       0x3c Core/Src/main.o
 .debug_macro   0x000000000001eab2       0x34 Core/Src/main.o
 .debug_macro   0x000000000001eae6       0x16 Core/Src/main.o
 .debug_macro   0x000000000001eafc       0x35 Core/Src/main.o
 .debug_macro   0x000000000001eb31       0x16 Core/Src/main.o
 .debug_macro   0x000000000001eb47       0x43 Core/Src/main.o
 .debug_macro   0x000000000001eb8a       0x34 Core/Src/main.o
 .debug_macro   0x000000000001ebbe       0x10 Core/Src/main.o
 .debug_macro   0x000000000001ebce       0x58 Core/Src/main.o
 .debug_macro   0x000000000001ec26       0x71 Core/Src/main.o
 .debug_macro   0x000000000001ec97       0x1c Core/Src/main.o
 .debug_macro   0x000000000001ecb3      0x12a Core/Src/main.o
 .debug_macro   0x000000000001eddd      0x333 Core/Src/main.o
 .debug_macro   0x000000000001f110       0x16 Core/Src/main.o
 .debug_macro   0x000000000001f126       0x29 Core/Src/main.o
 .debug_macro   0x000000000001f14f       0x22 Core/Src/main.o
 .debug_macro   0x000000000001f171       0x16 Core/Src/main.o
 .debug_macro   0x000000000001f187       0x20 Core/Src/main.o
 .debug_macro   0x000000000001f1a7       0x1c Core/Src/main.o
 .debug_macro   0x000000000001f1c3       0x10 Core/Src/main.o
 .debug_macro   0x000000000001f1d3       0x10 Core/Src/main.o
 .debug_macro   0x000000000001f1e3       0x1c Core/Src/main.o
 .debug_macro   0x000000000001f1ff       0x52 Core/Src/main.o
 .debug_macro   0x000000000001f251       0x22 Core/Src/main.o
 .debug_macro   0x000000000001f273       0x10 Core/Src/main.o
 .debug_macro   0x000000000001f283       0x40 Core/Src/main.o
 .debug_macro   0x000000000001f2c3       0xd5 Core/Src/main.o
 .debug_macro   0x000000000001f398       0x1c Core/Src/main.o
 .debug_macro   0x000000000001f3b4       0x3d Core/Src/main.o
 .debug_macro   0x000000000001f3f1       0x16 Core/Src/main.o
 .debug_macro   0x000000000001f407      0x145 Core/Src/main.o
 .debug_macro   0x000000000001f54c      0x1a9 Core/Src/main.o
 .debug_macro   0x000000000001f6f5       0x10 Core/Src/main.o
 .debug_macro   0x000000000001f705       0x6b Core/Src/main.o
 .debug_macro   0x000000000001f770      0x1ef Core/Src/main.o
 .debug_macro   0x000000000001f95f       0x88 Core/Src/main.o
 .debug_macro   0x000000000001f9e7      0x206 Core/Src/ov5640.o
 .debug_macro   0x000000000001fbed       0x82 Core/Src/ov5640.o
 .debug_macro   0x000000000001fc6f      0x3e9 Core/Src/stm32f4xx_hal_msp.o
 .debug_macro   0x0000000000020058      0x3f7 Core/Src/stm32f4xx_it.o