ov5640.c:7:6:SCCB_Start	8	static
ov5640.c:18:6:SCCB_Stop	8	static
ov5640.c:28:6:SCCB_No_Ack	8	static
ov5640.c:40:9:SCCB_WR_Byte	24	static
ov5640.c:64:9:SCCB_RD_Byte	16	static
ov5640.c:81:9:SCCB_WR_Reg	24	static
ov5640.c:96:9:SCCB_RD_Reg	24	static
ov5640.c:118:6:SCCB_SDA_IN	32	static
ov5640.c:129:6:SCCB_SDA_OUT	32	static
ov5640.c:139:6:SCCB_Rst	8	static
ov5640.c:370:6:OV5640_Init	16	static
ov5640.c:429:6:OV5640_RGB565_Mode	16	static
ov5640.c:450:6:OV5640_Exposure	16	static
ov5640.c:473:6:OV5640_Light_Mode	32	static
ov5640.c:493:6:OV5640_Color_Saturation	32	static
ov5640.c:508:6:OV5640_Brightness	24	static
ov5640.c:522:6:OV5640_Contrast	24	static
ov5640.c:558:6:OV5640_Sharpness	16	static
ov5640.c:589:6:OV5640_Special_Effects	16	static
ov5640.c:600:9:OV5640_OutSize_Set	24	static
ov5640.c:620:9:OV5640_ImageWin_Set	32	static
ov5640.c:899:9:OV5640_Focus_Init	16	static
ov5640.c:930:9:OV5640_Focus_Single	16	static
ov5640.c:947:9:OV5640_Focus_Constant	16	static
ov5640.c:973:6:ov5640_speed_ctrl	8	static
